Archive member included to satisfy reference by file (symbol)

C:/ST/STM32CubeIDE_1.18.1/STM32CubeIDE/plugins/com.st.stm32cube.ide.mcu.externaltools.gnu-tools-for-stm32.13.3.rel1.win32_1.0.0.202411081344/tools/bin/../lib/gcc/arm-none-eabi/13.3.1/../../../../arm-none-eabi/lib/thumb/v7-m/nofp\libc_nano.a(libc_a-exit.o)
                              C:/ST/STM32CubeIDE_1.18.1/STM32CubeIDE/plugins/com.st.stm32cube.ide.mcu.externaltools.gnu-tools-for-stm32.13.3.rel1.win32_1.0.0.202411081344/tools/bin/../lib/gcc/arm-none-eabi/13.3.1/../../../../arm-none-eabi/lib/thumb/v7-m/nofp/crt0.o (exit)
C:/ST/STM32CubeIDE_1.18.1/STM32CubeIDE/plugins/com.st.stm32cube.ide.mcu.externaltools.gnu-tools-for-stm32.13.3.rel1.win32_1.0.0.202411081344/tools/bin/../lib/gcc/arm-none-eabi/13.3.1/../../../../arm-none-eabi/lib/thumb/v7-m/nofp\libc_nano.a(libc_a-itoa.o)
                              ./Core/Src/ESP01.o (itoa)
C:/ST/STM32CubeIDE_1.18.1/STM32CubeIDE/plugins/com.st.stm32cube.ide.mcu.externaltools.gnu-tools-for-stm32.13.3.rel1.win32_1.0.0.202411081344/tools/bin/../lib/gcc/arm-none-eabi/13.3.1/../../../../arm-none-eabi/lib/thumb/v7-m/nofp\libc_nano.a(libc_a-utoa.o)
                              C:/ST/STM32CubeIDE_1.18.1/STM32CubeIDE/plugins/com.st.stm32cube.ide.mcu.externaltools.gnu-tools-for-stm32.13.3.rel1.win32_1.0.0.202411081344/tools/bin/../lib/gcc/arm-none-eabi/13.3.1/../../../../arm-none-eabi/lib/thumb/v7-m/nofp\libc_nano.a(libc_a-itoa.o) (__utoa)
C:/ST/STM32CubeIDE_1.18.1/STM32CubeIDE/plugins/com.st.stm32cube.ide.mcu.externaltools.gnu-tools-for-stm32.13.3.rel1.win32_1.0.0.202411081344/tools/bin/../lib/gcc/arm-none-eabi/13.3.1/../../../../arm-none-eabi/lib/thumb/v7-m/nofp\libc_nano.a(libc_a-findfp.o)
                              C:/ST/STM32CubeIDE_1.18.1/STM32CubeIDE/plugins/com.st.stm32cube.ide.mcu.externaltools.gnu-tools-for-stm32.13.3.rel1.win32_1.0.0.202411081344/tools/bin/../lib/gcc/arm-none-eabi/13.3.1/../../../../arm-none-eabi/lib/thumb/v7-m/nofp\libc_nano.a(libc_a-exit.o) (__stdio_exit_handler)
C:/ST/STM32CubeIDE_1.18.1/STM32CubeIDE/plugins/com.st.stm32cube.ide.mcu.externaltools.gnu-tools-for-stm32.13.3.rel1.win32_1.0.0.202411081344/tools/bin/../lib/gcc/arm-none-eabi/13.3.1/../../../../arm-none-eabi/lib/thumb/v7-m/nofp\libc_nano.a(libc_a-fwalk.o)
                              C:/ST/STM32CubeIDE_1.18.1/STM32CubeIDE/plugins/com.st.stm32cube.ide.mcu.externaltools.gnu-tools-for-stm32.13.3.rel1.win32_1.0.0.202411081344/tools/bin/../lib/gcc/arm-none-eabi/13.3.1/../../../../arm-none-eabi/lib/thumb/v7-m/nofp\libc_nano.a(libc_a-findfp.o) (_fwalk_sglue)
C:/ST/STM32CubeIDE_1.18.1/STM32CubeIDE/plugins/com.st.stm32cube.ide.mcu.externaltools.gnu-tools-for-stm32.13.3.rel1.win32_1.0.0.202411081344/tools/bin/../lib/gcc/arm-none-eabi/13.3.1/../../../../arm-none-eabi/lib/thumb/v7-m/nofp\libc_nano.a(libc_a-snprintf.o)
                              ./Core/Src/ESP01.o (snprintf)
C:/ST/STM32CubeIDE_1.18.1/STM32CubeIDE/plugins/com.st.stm32cube.ide.mcu.externaltools.gnu-tools-for-stm32.13.3.rel1.win32_1.0.0.202411081344/tools/bin/../lib/gcc/arm-none-eabi/13.3.1/../../../../arm-none-eabi/lib/thumb/v7-m/nofp\libc_nano.a(libc_a-stdio.o)
                              C:/ST/STM32CubeIDE_1.18.1/STM32CubeIDE/plugins/com.st.stm32cube.ide.mcu.externaltools.gnu-tools-for-stm32.13.3.rel1.win32_1.0.0.202411081344/tools/bin/../lib/gcc/arm-none-eabi/13.3.1/../../../../arm-none-eabi/lib/thumb/v7-m/nofp\libc_nano.a(libc_a-findfp.o) (__sread)
C:/ST/STM32CubeIDE_1.18.1/STM32CubeIDE/plugins/com.st.stm32cube.ide.mcu.externaltools.gnu-tools-for-stm32.13.3.rel1.win32_1.0.0.202411081344/tools/bin/../lib/gcc/arm-none-eabi/13.3.1/../../../../arm-none-eabi/lib/thumb/v7-m/nofp\libc_nano.a(libc_a-memset.o)
                              C:/ST/STM32CubeIDE_1.18.1/STM32CubeIDE/plugins/com.st.stm32cube.ide.mcu.externaltools.gnu-tools-for-stm32.13.3.rel1.win32_1.0.0.202411081344/tools/bin/../lib/gcc/arm-none-eabi/13.3.1/../../../../arm-none-eabi/lib/thumb/v7-m/nofp/crt0.o (memset)
C:/ST/STM32CubeIDE_1.18.1/STM32CubeIDE/plugins/com.st.stm32cube.ide.mcu.externaltools.gnu-tools-for-stm32.13.3.rel1.win32_1.0.0.202411081344/tools/bin/../lib/gcc/arm-none-eabi/13.3.1/../../../../arm-none-eabi/lib/thumb/v7-m/nofp\libc_nano.a(libc_a-strncpy.o)
                              ./Core/Src/ESP01.o (strncpy)
C:/ST/STM32CubeIDE_1.18.1/STM32CubeIDE/plugins/com.st.stm32cube.ide.mcu.externaltools.gnu-tools-for-stm32.13.3.rel1.win32_1.0.0.202411081344/tools/bin/../lib/gcc/arm-none-eabi/13.3.1/../../../../arm-none-eabi/lib/thumb/v7-m/nofp\libc_nano.a(libc_a-closer.o)
                              C:/ST/STM32CubeIDE_1.18.1/STM32CubeIDE/plugins/com.st.stm32cube.ide.mcu.externaltools.gnu-tools-for-stm32.13.3.rel1.win32_1.0.0.202411081344/tools/bin/../lib/gcc/arm-none-eabi/13.3.1/../../../../arm-none-eabi/lib/thumb/v7-m/nofp\libc_nano.a(libc_a-stdio.o) (_close_r)
[...]
Memory Configuration

Name             Origin             Length             Attributes
RAM              0x20000000         0x00005000         xrw
FLASH            0x08000000         0x00010000         xr
*default*        0x00000000         0xffffffff

Linker script and memory map

LOAD C:/ST/STM32CubeIDE_1.18.1/STM32CubeIDE/plugins/com.st.stm32cube.ide.mcu.externaltools.gnu-tools-for-stm32.13.3.rel1.win32_1.0.0.202411081344/tools/bin/../lib/gcc/arm-none-eabi/13.3.1/thumb/v7-m/nofp/crti.o
LOAD C:/ST/STM32CubeIDE_1.18.1/STM32CubeIDE/plugins/com.st.stm32cube.ide.mcu.externaltools.gnu-tools-for-stm32.13.3.rel1.win32_1.0.0.202411081344/tools/bin/../lib/gcc/arm-none-eabi/13.3.1/thumb/v7-m/nofp/crtbegin.o
LOAD C:/ST/STM32CubeIDE_1.18.1/STM32CubeIDE/plugins/com.st.stm32cube.ide.mcu.externaltools.gnu-tools-for-stm32.13.3.rel1.win32_1.0.0.202411081344/tools/bin/../lib/gcc/arm-none-eabi/13.3.1/../../../../arm-none-eabi/lib/thumb/v7-m/nofp/crt0.o
LOAD ./Core/Src/ESP01.o
LOAD ./Core/Src/UNER.o
LOAD ./Core/Src/main.o
LOAD ./Core/Src/stm32f1xx_hal_msp.o
LOAD ./Core/Src/stm32f1xx_it.o
LOAD ./Core/Src/syscalls.o
LOAD ./Core/Src/sysmem.o
LOAD ./Core/Src/system_stm32f1xx.o
LOAD ./Core/Startup/startup_stm32f103c8tx.o
LOAD ./Drivers/STM32F1xx_HAL_Driver/Src/stm32f1xx_hal.o
LOAD ./Drivers/STM32F1xx_HAL_Driver/Src/stm32f1xx_hal_adc.o
LOAD ./Drivers/STM32F1xx_HAL_Driver/Src/stm32f1xx_hal_adc_ex.o
LOAD ./Drivers/STM32F1xx_HAL_Driver/Src/stm32f1xx_hal_cortex.o
LOAD ./Drivers/STM32F1xx_HAL_Driver/Src/stm32f1xx_hal_dma.o
LOAD ./Drivers/STM32F1xx_HAL_Driver/Src/stm32f1xx_hal_exti.o
LOAD ./Drivers/STM32F1xx_HAL_Driver/Src/stm32f1xx_hal_flash.o
LOAD ./Drivers/STM32F1xx_HAL_Driver/Src/stm32f1xx_hal_flash_ex.o
LOAD ./Drivers/STM32F1xx_HAL_Driver/Src/stm32f1xx_hal_gpio.o
LOAD ./Drivers/STM32F1xx_HAL_Driver/Src/stm32f1xx_hal_gpio_ex.o
LOAD ./Drivers/STM32F1xx_HAL_Driver/Src/stm32f1xx_hal_pcd.o
LOAD ./Drivers/STM32F1xx_HAL_Driver/Src/stm32f1xx_hal_pcd_ex.o
LOAD ./Drivers/STM32F1xx_HAL_Driver/Src/stm32f1xx_hal_pwr.o
LOAD ./Drivers/STM32F1xx_HAL_Driver/Src/stm32f1xx_hal_rcc.o
LOAD ./Drivers/STM32F1xx_HAL_Driver/Src/stm32f1xx_hal_rcc_ex.o
LOAD ./Drivers/STM32F1xx_HAL_Driver/Src/stm32f1xx_hal_tim.o
LOAD ./Drivers/STM32F1xx_HAL_Driver/Src/stm32f1xx_hal_tim_ex.o
LOAD ./Drivers/STM32F1xx_HAL_Driver/Src/stm32f1xx_hal_uart.o
LOAD ./Drivers/STM32F1xx_HAL_Driver/Src/stm32f1xx_ll_usb.o
LOAD ./Middlewares/ST/STM32_USB_Device_Library/Class/CDC/Src/usbd_cdc.o
LOAD ./Middlewares/ST/STM32_USB_Device_Library/Core/Src/usbd_core.o
LOAD ./Middlewares/ST/STM32_USB_Device_Library/Core/Src/usbd_ctlreq.o
LOAD ./Middlewares/ST/STM32_USB_Device_Library/Core/Src/usbd_ioreq.o
LOAD ./USB_DEVICE/App/usb_device.o
LOAD ./USB_DEVICE/App/usbd_cdc_if.o
LOAD ./USB_DEVICE/App/usbd_desc.o
LOAD ./USB_DEVICE/Target/usbd_conf.o
START GROUP
LOAD C:/ST/STM32CubeIDE_1.18.1/STM32CubeIDE/plugins/com.st.stm32cube.ide.mcu.externaltools.gnu-tools-for-stm32.13.3.rel1.win32_1.0.0.202411081344/tools/bin/../lib/gcc/arm-none-eabi/13.3.1/../../../../arm-none-eabi/lib/thumb/v7-m/nofp\libc_nano.a
LOAD C:/ST/STM32CubeIDE_1.18.1/STM32CubeIDE/plugins/com.st.stm32cube.ide.mcu.externaltools.gnu-tools-for-stm32.13.3.rel1.win32_1.0.0.202411081344/tools/bin/../lib/gcc/arm-none-eabi/13.3.1/../../../../arm-none-eabi/lib/thumb/v7-m/nofp\libm.a
END GROUP
START GROUP
LOAD C:/ST/STM32CubeIDE_1.18.1/STM32CubeIDE/plugins/com.st.stm32cube.ide.mcu.externaltools.gnu-tools-for-stm32.13.3.rel1.win32_1.0.0.202411081344/tools/bin/../lib/gcc/arm-none-eabi/13.3.1/thumb/v7-m/nofp\libgcc.a
LOAD C:/ST/STM32CubeIDE_1.18.1/STM32CubeIDE/plugins/com.st.stm32cube.ide.mcu.externaltools.gnu-tools-for-stm32.13.3.rel1.win32_1.0.0.202411081344/tools/bin/../lib/gcc/arm-none-eabi/13.3.1/../../../../arm-none-eabi/lib/thumb/v7-m/nofp\libc_nano.a
END GROUP
START GROUP
LOAD C:/ST/STM32CubeIDE_1.18.1/STM32CubeIDE/plugins/com.st.stm32cube.ide.mcu.externaltools.gnu-tools-for-stm32.13.3.rel1.win32_1.0.0.202411081344/tools/bin/../lib/gcc/arm-none-eabi/13.3.1/thumb/v7-m/nofp\libgcc.a
LOAD C:/ST/STM32CubeIDE_1.18.1/STM32CubeIDE/plugins/com.st.stm32cube.ide.mcu.externaltools.gnu-tools-for-stm32.13.3.rel1.win32_1.0.0.202411081344/tools/bin/../lib/gcc/arm-none-eabi/13.3.1/../../../../arm-none-eabi/lib/thumb/v7-m/nofp\libc_nano.a
LOAD C:/ST/STM32CubeIDE_1.18.1/STM32CubeIDE/plugins/com.st.stm32cube.ide.mcu.externaltools.gnu-tools-for-stm32.13.3.rel1.win32_1.0.0.202411081344/tools/bin/../lib/gcc/arm-none-eabi/13.3.1/../../../../arm-none-eabi/lib/thumb/v7-m/nofp\libnosys.a
END GROUP
START GROUP
LOAD C:/ST/STM32CubeIDE_1.18.1/STM32CubeIDE/plugins/com.st.stm32cube.ide.mcu.externaltools.gnu-tools-for-stm32.13.3.rel1.win32_1.0.0.202411081344/tools/bin/../lib/gcc/arm-none-eabi/13.3.1/thumb/v7-m/nofp\libgcc.a
LOAD C:/ST/STM32CubeIDE_1.18.1/STM32CubeIDE/plugins/com.st.stm32cube.ide.mcu.externaltools.gnu-tools-for-stm32.13.3.rel1.win32_1.0.0.202411081344/tools/bin/../lib/gcc/arm-none-eabi/13.3.1/../../../../arm-none-eabi/lib/thumb/v7-m/nofp\libc_nano.a
LOAD C:/ST/STM32CubeIDE_1.18.1/STM32CubeIDE/plugins/com.st.stm32cube.ide.mcu.externaltools.gnu-tools-for-stm32.13.3.rel1.win32_1.0.0.202411081344/tools/bin/../lib/gcc/arm-none-eabi/13.3.1/../../../../arm-none-eabi/lib/thumb/v7-m/nofp\libnosys.a
END GROUP
LOAD C:/ST/STM32CubeIDE_1.18.1/STM32CubeIDE/plugins/com.st.stm32cube.ide.mcu.externaltools.gnu-tools-for-stm32.13.3.rel1.win32_1.0.0.202411081344/tools/bin/../lib/gcc/arm-none-eabi/13.3.1/thumb/v7-m/nofp/crtend.o
LOAD C:/ST/STM32CubeIDE_1.18.1/STM32CubeIDE/plugins/com.st.stm32cube.ide.mcu.externaltools.gnu-tools-for-stm32.13.3.rel1.win32_1.0.0.202411081344/tools/bin/../lib/gcc/arm-none-eabi/13.3.1/thumb/v7-m/nofp/crtn.o
                0x20005000                        _estack = (ORIGIN (RAM) + LENGTH (RAM))
                0x00000200                        _Min_Heap_Size = 0x200
                0x00000400                        _Min_Stack_Size = 0x400

.isr_vector     0x08000000      0x10c
                0x08000000                        . = ALIGN (0x4)
 *(.isr_vector)
 .isr_vector    0x08000000      0x10c ./Core/Startup/startup_stm32f103c8tx.o
                0x08000000                g_pfnVectors
                0x0800010c                        . = ALIGN (0x4)

.text           0x0800010c     0xc5b0
                0x0800010c                        . = ALIGN (0x4)
 *(.text)
 .text          0x0800010c       0x40 C:/ST/STM32CubeIDE_1.18.1/STM32CubeIDE/plugins/com.st.stm32cube.ide.mcu.externaltools.gnu-tools-for-stm32.13.3.rel1.win32_1.0.0.202411081344/tools/bin/../lib/gcc/arm-none-eabi/13.3.1/thumb/v7-m/nofp/crtbegin.o
 .text          0x0800014c       0x10 C:/ST/STM32CubeIDE_1.18.1/STM32CubeIDE/plugins/com.st.stm32cube.ide.mcu.externaltools.gnu-tools-for-stm32.13.3.rel1.win32_1.0.0.202411081344/tools/bin/../lib/gcc/arm-none-eabi/13.3.1/../../../../arm-none-eabi/lib/thumb/v7-m/nofp\libc_nano.a(libc_a-strlen.o)
                0x0800014c                strlen
 *(.text*)
 .text.ESP01_SetWIFI
                0x0800015c       0x6c ./Core/Src/ESP01.o
                0x0800015c                ESP01_SetWIFI
 .text.ESP01_StartUDP
                0x080001c8       0xac ./Core/Src/ESP01.o
                0x080001c8                ESP01_StartUDP
 .text.ESP01_GetLocalIP
                0x08000274       0x30 ./Core/Src/ESP01.o
                0x08000274                ESP01_GetLocalIP
 .text.ESP01_StateUDPTCP
                0x080002a4       0x38 ./Core/Src/ESP01.o
                0x080002a4                ESP01_StateUDPTCP
 .text.ESP01_WriteRX
                0x080002dc       0x4c ./Core/Src/ESP01.o
                0x080002dc                ESP01_WriteRX
 .text.ESP01_Send
                0x08000328      0x15c ./Core/Src/ESP01.o
                0x08000328                ESP01_Send
 .text.ESP01_Init
                0x08000484       0x64 ./Core/Src/ESP01.o
                0x08000484                ESP01_Init
 .text.ESP01_Timeout10ms
                0x080004e8       0x60 ./Core/Src/ESP01.o
                0x080004e8                ESP01_Timeout10ms
 .text.ESP01_Task
                0x08000548       0x34 ./Core/Src/ESP01.o
                0x08000548                ESP01_Task
 .text.ESP01_AttachChangeState
                0x0800057c       0x1c ./Core/Src/ESP01.o
                0x0800057c                ESP01_AttachChangeState
 .text.ESP01_AttachDebugStr
                0x08000598       0x1c ./Core/Src/ESP01.o
                0x08000598                ESP01_AttachDebugStr
 .text.ESP01ATDecode
                0x080005b4      0x78c ./Core/Src/ESP01.o
 .text.ESP01DOConnection
                0x08000d40      0x4bc ./Core/Src/ESP01.o
 .text.ESP01SENDData
                0x080011fc       0xf8 ./Core/Src/ESP01.o
 .text.ESP01StrToBufTX
                0x080012f4       0x60 ./Core/Src/ESP01.o
 .text.ESP01ByteToBufTX
                0x08001354       0x40 ./Core/Src/ESP01.o
 .text.UNER_Init
                0x08001394       0x90 ./Core/Src/UNER.o
                0x08001394                UNER_Init
 .text.UNER_Task
                0x08001424      0x288 ./Core/Src/UNER.o
                0x08001424                UNER_Task
 .text.putHeaderOnTx
                0x080016ac      0x15e ./Core/Src/UNER.o
                0x080016ac                putHeaderOnTx
 .text.putByteOnTx
                0x0800180a       0x4e ./Core/Src/UNER.o
                0x0800180a                putByteOnTx
 .text.putStrOntx
                0x08001858       0x84 ./Core/Src/UNER.o
                0x08001858                putStrOntx
 .text.decodeCommand
                0x080018dc       0xa0 ./Core/Src/UNER.o
                0x080018dc                decodeCommand
 .text.USBRxData
                0x0800197c       0x78 ./Core/Src/main.o
                0x0800197c                USBRxData
 .text.HAL_TIM_PeriodElapsedCallback
                0x080019f4       0x50 ./Core/Src/main.o
                0x080019f4                HAL_TIM_PeriodElapsedCallback
 .text.HAL_UART_RxCpltCallback
                0x08001a44       0x3c ./Core/Src/main.o
                0x08001a44                HAL_UART_RxCpltCallback
 .text.esp01_chpd
                0x08001a80       0x30 ./Core/Src/main.o
 .text.uart_send_byte
                0x08001ab0       0x30 ./Core/Src/main.o
 .text.onESP01StateChange
                0x08001ae0       0xec ./Core/Src/main.o
                0x08001ae0                onESP01StateChange
 .text.ESP01_USB_DbgStr
                0x08001bcc       0x2a ./Core/Src/main.o
                0x08001bcc                ESP01_USB_DbgStr
 *fill*         0x08001bf6        0x2 
 .text.main     0x08001bf8      0x21c ./Core/Src/main.o
                0x08001bf8                main
 .text.SystemClock_Config
                0x08001e14       0xba ./Core/Src/main.o
                0x08001e14                SystemClock_Config
 *fill*         0x08001ece        0x2 
 .text.MX_ADC1_Init
                0x08001ed0      0x140 ./Core/Src/main.o
 .text.MX_TIM1_Init
                0x08002010       0xa0 ./Core/Src/main.o
 .text.MX_TIM2_Init
                0x080020b0       0x98 ./Core/Src/main.o
 .text.MX_USART1_UART_Init
                0x08002148       0x54 ./Core/Src/main.o
 .text.MX_USART2_UART_Init
                0x0800219c       0x54 ./Core/Src/main.o
 .text.MX_DMA_Init
                0x080021f0       0x3c ./Core/Src/main.o
 .text.MX_GPIO_Init
                0x0800222c       0xdc ./Core/Src/main.o
 .text.Error_Handler
                0x08002308        0xc ./Core/Src/main.o
                0x08002308                Error_Handler
 .text.HAL_MspInit
                0x08002314       0x64 ./Core/Src/stm32f1xx_hal_msp.o
                0x08002314                HAL_MspInit
 .text.HAL_ADC_MspInit
                0x08002378      0x104 ./Core/Src/stm32f1xx_hal_msp.o
                0x08002378                HAL_ADC_MspInit
 .text.HAL_TIM_Base_MspInit
                0x0800247c       0x80 ./Core/Src/stm32f1xx_hal_msp.o
                0x0800247c                HAL_TIM_Base_MspInit
 .text.HAL_UART_MspInit
                0x080024fc      0x128 ./Core/Src/stm32f1xx_hal_msp.o
                0x080024fc                HAL_UART_MspInit
 .text.NMI_Handler
                0x08002624        0x8 ./Core/Src/stm32f1xx_it.o
                0x08002624                NMI_Handler
 .text.HardFault_Handler
                0x0800262c        0x8 ./Core/Src/stm32f1xx_it.o
                0x0800262c                HardFault_Handler
 .text.MemManage_Handler
                0x08002634        0x8 ./Core/Src/stm32f1xx_it.o
                0x08002634                MemManage_Handler
 .text.BusFault_Handler
                0x0800263c        0x8 ./Core/Src/stm32f1xx_it.o
                0x0800263c                BusFault_Handler
 .text.UsageFault_Handler
                0x08002644        0x8 ./Core/Src/stm32f1xx_it.o
                0x08002644                UsageFault_Handler
 .text.SVC_Handler
                0x0800264c        0xc ./Core/Src/stm32f1xx_it.o
                0x0800264c                SVC_Handler
 .text.DebugMon_Handler
                0x08002658        0xc ./Core/Src/stm32f1xx_it.o
                0x08002658                DebugMon_Handler
 .text.PendSV_Handler
                0x08002664        0xc ./Core/Src/stm32f1xx_it.o
                0x08002664                PendSV_Handler
 .text.SysTick_Handler
                0x08002670        0xc ./Core/Src/stm32f1xx_it.o
                0x08002670                SysTick_Handler
 .text.DMA1_Channel1_IRQHandler
                0x0800267c       0x14 ./Core/Src/stm32f1xx_it.o
                0x0800267c                DMA1_Channel1_IRQHandler
 .text.USB_LP_CAN1_RX0_IRQHandler
                0x08002690       0x14 ./Core/Src/stm32f1xx_it.o
                0x08002690                USB_LP_CAN1_RX0_IRQHandler
 .text.TIM1_UP_IRQHandler
                0x080026a4       0x14 ./Core/Src/stm32f1xx_it.o
                0x080026a4                TIM1_UP_IRQHandler
 .text.TIM2_IRQHandler
                0x080026b8       0x14 ./Core/Src/stm32f1xx_it.o
                0x080026b8                TIM2_IRQHandler
 .text.USART1_IRQHandler
                0x080026cc       0x14 ./Core/Src/stm32f1xx_it.o
                0x080026cc                USART1_IRQHandler
 .text.USART2_IRQHandler
                0x080026e0       0x14 ./Core/Src/stm32f1xx_it.o
                0x080026e0                USART2_IRQHandler
 .text._sbrk    0x080026f4       0x6c ./Core/Src/sysmem.o
                0x080026f4                _sbrk
 .text.SystemInit
                0x08002760        0xc ./Core/Src/system_stm32f1xx.o
                0x08002760                SystemInit
 .text.Reset_Handler
                0x0800276c       0x48 ./Core/Startup/startup_stm32f103c8tx.o
                0x0800276c                Reset_Handler
 .text.Default_Handler
                0x080027b4        0x2 ./Core/Startup/startup_stm32f103c8tx.o
                0x080027b4                RTC_Alarm_IRQHandler
                0x080027b4                EXTI2_IRQHandler
                0x080027b4                TIM1_CC_IRQHandler
                0x080027b4                PVD_IRQHandler
                0x080027b4                EXTI3_IRQHandler
                0x080027b4                EXTI0_IRQHandler
                0x080027b4                I2C2_EV_IRQHandler
                0x080027b4                ADC1_2_IRQHandler
                0x080027b4                SPI1_IRQHandler
                0x080027b4                TAMPER_IRQHandler
                0x080027b4                DMA1_Channel4_IRQHandler
                0x080027b4                USART3_IRQHandler
                0x080027b4                RTC_IRQHandler
                0x080027b4                DMA1_Channel7_IRQHandler
                0x080027b4                CAN1_RX1_IRQHandler
                0x080027b4                TIM4_IRQHandler
                0x080027b4                I2C1_EV_IRQHandler
                0x080027b4                DMA1_Channel6_IRQHandler
                0x080027b4                TIM3_IRQHandler
                0x080027b4                RCC_IRQHandler
                0x080027b4                TIM1_TRG_COM_IRQHandler
                0x080027b4                Default_Handler
                0x080027b4                EXTI15_10_IRQHandler
                0x080027b4                EXTI9_5_IRQHandler
                0x080027b4                SPI2_IRQHandler
                0x080027b4                DMA1_Channel5_IRQHandler
                0x080027b4                EXTI4_IRQHandler
                0x080027b4                USB_HP_CAN1_TX_IRQHandler
                0x080027b4                DMA1_Channel3_IRQHandler
                0x080027b4                WWDG_IRQHandler
                0x080027b4                TIM1_BRK_IRQHandler
                0x080027b4                EXTI1_IRQHandler
                0x080027b4                I2C2_ER_IRQHandler
                0x080027b4                DMA1_Channel2_IRQHandler
                0x080027b4                CAN1_SCE_IRQHandler
                0x080027b4                FLASH_IRQHandler
                0x080027b4                I2C1_ER_IRQHandler
                0x080027b4                USBWakeUp_IRQHandler
 *fill*         0x080027b6        0x2 
 .text.HAL_Init
                0x080027b8       0x2c ./Drivers/STM32F1xx_HAL_Driver/Src/stm32f1xx_hal.o
                0x080027b8                HAL_Init
 .text.HAL_InitTick
                0x080027e4       0x60 ./Drivers/STM32F1xx_HAL_Driver/Src/stm32f1xx_hal.o
                0x080027e4                HAL_InitTick
 .text.HAL_IncTick
                0x08002844       0x24 ./Drivers/STM32F1xx_HAL_Driver/Src/stm32f1xx_hal.o
                0x08002844                HAL_IncTick
 .text.HAL_GetTick
                0x08002868       0x14 ./Drivers/STM32F1xx_HAL_Driver/Src/stm32f1xx_hal.o
                0x08002868                HAL_GetTick
 .text.HAL_Delay
                0x0800287c       0x48 ./Drivers/STM32F1xx_HAL_Driver/Src/stm32f1xx_hal.o
                0x0800287c                HAL_Delay
 .text.HAL_ADC_Init
                0x080028c4      0x1b0 ./Drivers/STM32F1xx_HAL_Driver/Src/stm32f1xx_hal_adc.o
                0x080028c4                HAL_ADC_Init
 .text.HAL_ADC_Start_DMA
                0x08002a74      0x1bc ./Drivers/STM32F1xx_HAL_Driver/Src/stm32f1xx_hal_adc.o
                0x08002a74                HAL_ADC_Start_DMA
 .text.HAL_ADC_ConvCpltCallback
                0x08002c30       0x12 ./Drivers/STM32F1xx_HAL_Driver/Src/stm32f1xx_hal_adc.o
                0x08002c30                HAL_ADC_ConvCpltCallback
 .text.HAL_ADC_ConvHalfCpltCallback
                0x08002c42       0x12 ./Drivers/STM32F1xx_HAL_Driver/Src/stm32f1xx_hal_adc.o
                0x08002c42                HAL_ADC_ConvHalfCpltCallback
 .text.HAL_ADC_ErrorCallback
                0x08002c54       0x12 ./Drivers/STM32F1xx_HAL_Driver/Src/stm32f1xx_hal_adc.o
                0x08002c54                HAL_ADC_ErrorCallback
 *fill*         0x08002c66        0x2 
 .text.HAL_ADC_ConfigChannel
                0x08002c68      0x1f0 ./Drivers/STM32F1xx_HAL_Driver/Src/stm32f1xx_hal_adc.o
                0x08002c68                HAL_ADC_ConfigChannel
 .text.ADC_Enable
                0x08002e58       0xb4 ./Drivers/STM32F1xx_HAL_Driver/Src/stm32f1xx_hal_adc.o
                0x08002e58                ADC_Enable
 .text.ADC_ConversionStop_Disable
                0x08002f0c       0x82 ./Drivers/STM32F1xx_HAL_Driver/Src/stm32f1xx_hal_adc.o
                0x08002f0c                ADC_ConversionStop_Disable
 .text.ADC_DMAConvCplt
                0x08002f8e       0x7c ./Drivers/STM32F1xx_HAL_Driver/Src/stm32f1xx_hal_adc.o
                0x08002f8e                ADC_DMAConvCplt
 .text.ADC_DMAHalfConvCplt
                0x0800300a       0x1c ./Drivers/STM32F1xx_HAL_Driver/Src/stm32f1xx_hal_adc.o
                0x0800300a                ADC_DMAHalfConvCplt
 .text.ADC_DMAError
                0x08003026       0x34 ./Drivers/STM32F1xx_HAL_Driver/Src/stm32f1xx_hal_adc.o
                0x08003026                ADC_DMAError
 *fill*         0x0800305a        0x2 
 .text.__NVIC_SetPriorityGrouping
                0x0800305c       0x48 ./Drivers/STM32F1xx_HAL_Driver/Src/stm32f1xx_hal_cortex.o
 .text.__NVIC_GetPriorityGrouping
                0x080030a4       0x1c ./Drivers/STM32F1xx_HAL_Driver/Src/stm32f1xx_hal_cortex.o
 .text.__NVIC_EnableIRQ
                0x080030c0       0x38 ./Drivers/STM32F1xx_HAL_Driver/Src/stm32f1xx_hal_cortex.o
 .text.__NVIC_SetPriority
                0x080030f8       0x54 ./Drivers/STM32F1xx_HAL_Driver/Src/stm32f1xx_hal_cortex.o
 .text.NVIC_EncodePriority
                0x0800314c       0x64 ./Drivers/STM32F1xx_HAL_Driver/Src/stm32f1xx_hal_cortex.o
 .text.SysTick_Config
                0x080031b0       0x44 ./Drivers/STM32F1xx_HAL_Driver/Src/stm32f1xx_hal_cortex.o
 .text.HAL_NVIC_SetPriorityGrouping
                0x080031f4       0x16 ./Drivers/STM32F1xx_HAL_Driver/Src/stm32f1xx_hal_cortex.o
                0x080031f4                HAL_NVIC_SetPriorityGrouping
 .text.HAL_NVIC_SetPriority
                0x0800320a       0x38 ./Drivers/STM32F1xx_HAL_Driver/Src/stm32f1xx_hal_cortex.o
                0x0800320a                HAL_NVIC_SetPriority
 .text.HAL_NVIC_EnableIRQ
                0x08003242       0x1c ./Drivers/STM32F1xx_HAL_Driver/Src/stm32f1xx_hal_cortex.o
                0x08003242                HAL_NVIC_EnableIRQ
 .text.HAL_SYSTICK_Config
                0x0800325e       0x18 ./Drivers/STM32F1xx_HAL_Driver/Src/stm32f1xx_hal_cortex.o
                0x0800325e                HAL_SYSTICK_Config
 *fill*         0x08003276        0x2 
 .text.HAL_DMA_Init
                0x08003278       0xb4 ./Drivers/STM32F1xx_HAL_Driver/Src/stm32f1xx_hal_dma.o
                0x08003278                HAL_DMA_Init
 .text.HAL_DMA_Start_IT
                0x0800332c       0xc0 ./Drivers/STM32F1xx_HAL_Driver/Src/stm32f1xx_hal_dma.o
                0x0800332c                HAL_DMA_Start_IT
 .text.HAL_DMA_Abort
                0x080033ec       0x76 ./Drivers/STM32F1xx_HAL_Driver/Src/stm32f1xx_hal_dma.o
                0x080033ec                HAL_DMA_Abort
 *fill*         0x08003462        0x2 
 .text.HAL_DMA_Abort_IT
                0x08003464       0xf0 ./Drivers/STM32F1xx_HAL_Driver/Src/stm32f1xx_hal_dma.o
                0x08003464                HAL_DMA_Abort_IT
 .text.HAL_DMA_IRQHandler
                0x08003554      0x20c ./Drivers/STM32F1xx_HAL_Driver/Src/stm32f1xx_hal_dma.o
                0x08003554                HAL_DMA_IRQHandler
 .text.DMA_SetConfig
                0x08003760       0x5a ./Drivers/STM32F1xx_HAL_Driver/Src/stm32f1xx_hal_dma.o
 *fill*         0x080037ba        0x2 
 .text.HAL_GPIO_Init
                0x080037bc      0x308 ./Drivers/STM32F1xx_HAL_Driver/Src/stm32f1xx_hal_gpio.o
                0x080037bc                HAL_GPIO_Init
 .text.HAL_GPIO_WritePin
                0x08003ac4       0x30 ./Drivers/STM32F1xx_HAL_Driver/Src/stm32f1xx_hal_gpio.o
                0x08003ac4                HAL_GPIO_WritePin
 .text.HAL_GPIO_TogglePin
                0x08003af4       0x32 ./Drivers/STM32F1xx_HAL_Driver/Src/stm32f1xx_hal_gpio.o
                0x08003af4                HAL_GPIO_TogglePin
 .text.HAL_PCD_Init
                0x08003b26      0x1ec ./Drivers/STM32F1xx_HAL_Driver/Src/stm32f1xx_hal_pcd.o
                0x08003b26                HAL_PCD_Init
 .text.HAL_PCD_Start
                0x08003d12       0x4c ./Drivers/STM32F1xx_HAL_Driver/Src/stm32f1xx_hal_pcd.o
                0x08003d12                HAL_PCD_Start
 .text.HAL_PCD_IRQHandler
                0x08003d5e      0x260 ./Drivers/STM32F1xx_HAL_Driver/Src/stm32f1xx_hal_pcd.o
                0x08003d5e                HAL_PCD_IRQHandler
 .text.HAL_PCD_SetAddress
                0x08003fbe       0x48 ./Drivers/STM32F1xx_HAL_Driver/Src/stm32f1xx_hal_pcd.o
                0x08003fbe                HAL_PCD_SetAddress
 .text.HAL_PCD_EP_Open
                0x08004006       0xba ./Drivers/STM32F1xx_HAL_Driver/Src/stm32f1xx_hal_pcd.o
                0x08004006                HAL_PCD_EP_Open
 .text.HAL_PCD_EP_Close
                0x080040c0       0x90 ./Drivers/STM32F1xx_HAL_Driver/Src/stm32f1xx_hal_pcd.o
                0x080040c0                HAL_PCD_EP_Close
 .text.HAL_PCD_EP_Receive
                0x08004150       0x62 ./Drivers/STM32F1xx_HAL_Driver/Src/stm32f1xx_hal_pcd.o
                0x08004150                HAL_PCD_EP_Receive
 .text.HAL_PCD_EP_GetRxCount
                0x080041b2       0x2e ./Drivers/STM32F1xx_HAL_Driver/Src/stm32f1xx_hal_pcd.o
                0x080041b2                HAL_PCD_EP_GetRxCount
 .text.HAL_PCD_EP_Transmit
                0x080041e0       0x6e ./Drivers/STM32F1xx_HAL_Driver/Src/stm32f1xx_hal_pcd.o
                0x080041e0                HAL_PCD_EP_Transmit
 .text.HAL_PCD_EP_SetStall
                0x0800424e       0xc0 ./Drivers/STM32F1xx_HAL_Driver/Src/stm32f1xx_hal_pcd.o
                0x0800424e                HAL_PCD_EP_SetStall
 .text.HAL_PCD_EP_ClrStall
                0x0800430e       0xa8 ./Drivers/STM32F1xx_HAL_Driver/Src/stm32f1xx_hal_pcd.o
                0x0800430e                HAL_PCD_EP_ClrStall
 .text.PCD_EP_ISR_Handler
                0x080043b6      0x79e ./Drivers/STM32F1xx_HAL_Driver/Src/stm32f1xx_hal_pcd.o
 .text.HAL_PCD_EP_DB_Receive
                0x08004b54      0x21a ./Drivers/STM32F1xx_HAL_Driver/Src/stm32f1xx_hal_pcd.o
 .text.HAL_PCD_EP_DB_Transmit
                0x08004d6e      0x7f4 ./Drivers/STM32F1xx_HAL_Driver/Src/stm32f1xx_hal_pcd.o
 .text.HAL_PCDEx_PMAConfig
                0x08005562       0x84 ./Drivers/STM32F1xx_HAL_Driver/Src/stm32f1xx_hal_pcd_ex.o
                0x08005562                HAL_PCDEx_PMAConfig
 *fill*         0x080055e6        0x2 
 .text.HAL_RCC_OscConfig
                0x080055e8      0x504 ./Drivers/STM32F1xx_HAL_Driver/Src/stm32f1xx_hal_rcc.o
                0x080055e8                HAL_RCC_OscConfig
 .text.HAL_RCC_ClockConfig
                0x08005aec      0x1d4 ./Drivers/STM32F1xx_HAL_Driver/Src/stm32f1xx_hal_rcc.o
                0x08005aec                HAL_RCC_ClockConfig
 .text.HAL_RCC_GetSysClockFreq
                0x08005cc0       0xa8 ./Drivers/STM32F1xx_HAL_Driver/Src/stm32f1xx_hal_rcc.o
                0x08005cc0                HAL_RCC_GetSysClockFreq
 .text.HAL_RCC_GetHCLKFreq
                0x08005d68       0x14 ./Drivers/STM32F1xx_HAL_Driver/Src/stm32f1xx_hal_rcc.o
                0x08005d68                HAL_RCC_GetHCLKFreq
 .text.HAL_RCC_GetPCLK1Freq
                0x08005d7c       0x28 ./Drivers/STM32F1xx_HAL_Driver/Src/stm32f1xx_hal_rcc.o
                0x08005d7c                HAL_RCC_GetPCLK1Freq
 .text.HAL_RCC_GetPCLK2Freq
                0x08005da4       0x28 ./Drivers/STM32F1xx_HAL_Driver/Src/stm32f1xx_hal_rcc.o
                0x08005da4                HAL_RCC_GetPCLK2Freq
 .text.RCC_Delay
                0x08005dcc       0x3c ./Drivers/STM32F1xx_HAL_Driver/Src/stm32f1xx_hal_rcc.o
 .text.HAL_RCCEx_PeriphCLKConfig
                0x08005e08      0x16c ./Drivers/STM32F1xx_HAL_Driver/Src/stm32f1xx_hal_rcc_ex.o
                0x08005e08                HAL_RCCEx_PeriphCLKConfig
 .text.HAL_TIM_Base_Init
                0x08005f74       0x9e ./Drivers/STM32F1xx_HAL_Driver/Src/stm32f1xx_hal_tim.o
                0x08005f74                HAL_TIM_Base_Init
 *fill*         0x08006012        0x2 
 .text.HAL_TIM_Base_Start_IT
                0x08006014       0xa4 ./Drivers/STM32F1xx_HAL_Driver/Src/stm32f1xx_hal_tim.o
                0x08006014                HAL_TIM_Base_Start_IT
 .text.HAL_TIM_IRQHandler
                0x080060b8      0x1e0 ./Drivers/STM32F1xx_HAL_Driver/Src/stm32f1xx_hal_tim.o
                0x080060b8                HAL_TIM_IRQHandler
 .text.HAL_TIM_ConfigClockSource
                0x08006298      0x18e ./Drivers/STM32F1xx_HAL_Driver/Src/stm32f1xx_hal_tim.o
                0x08006298                HAL_TIM_ConfigClockSource
 .text.HAL_TIM_OC_DelayElapsedCallback
                0x08006426       0x12 ./Drivers/STM32F1xx_HAL_Driver/Src/stm32f1xx_hal_tim.o
                0x08006426                HAL_TIM_OC_DelayElapsedCallback
 .text.HAL_TIM_IC_CaptureCallback
                0x08006438       0x12 ./Drivers/STM32F1xx_HAL_Driver/Src/stm32f1xx_hal_tim.o
                0x08006438                HAL_TIM_IC_CaptureCallback
 .text.HAL_TIM_PWM_PulseFinishedCallback
                0x0800644a       0x12 ./Drivers/STM32F1xx_HAL_Driver/Src/stm32f1xx_hal_tim.o
                0x0800644a                HAL_TIM_PWM_PulseFinishedCallback
 .text.HAL_TIM_TriggerCallback
                0x0800645c       0x12 ./Drivers/STM32F1xx_HAL_Driver/Src/stm32f1xx_hal_tim.o
                0x0800645c                HAL_TIM_TriggerCallback
 *fill*         0x0800646e        0x2 
 .text.TIM_Base_SetConfig
                0x08006470       0xdc ./Drivers/STM32F1xx_HAL_Driver/Src/stm32f1xx_hal_tim.o
                0x08006470                TIM_Base_SetConfig
 .text.TIM_TI1_ConfigInputStage
                0x0800654c       0x5c ./Drivers/STM32F1xx_HAL_Driver/Src/stm32f1xx_hal_tim.o
 .text.TIM_TI2_ConfigInputStage
                0x080065a8       0x5e ./Drivers/STM32F1xx_HAL_Driver/Src/stm32f1xx_hal_tim.o
 .text.TIM_ITRx_SetConfig
                0x08006606       0x34 ./Drivers/STM32F1xx_HAL_Driver/Src/stm32f1xx_hal_tim.o
 .text.TIM_ETR_SetConfig
                0x0800663a       0x3e ./Drivers/STM32F1xx_HAL_Driver/Src/stm32f1xx_hal_tim.o
                0x0800663a                TIM_ETR_SetConfig
 .text.HAL_TIMEx_MasterConfigSynchronization
                0x08006678       0xbc ./Drivers/STM32F1xx_HAL_Driver/Src/stm32f1xx_hal_tim_ex.o
                0x08006678                HAL_TIMEx_MasterConfigSynchronization
 .text.HAL_TIMEx_CommutCallback
                0x08006734       0x12 ./Drivers/STM32F1xx_HAL_Driver/Src/stm32f1xx_hal_tim_ex.o
                0x08006734                HAL_TIMEx_CommutCallback
 .text.HAL_TIMEx_BreakCallback
                0x08006746       0x12 ./Drivers/STM32F1xx_HAL_Driver/Src/stm32f1xx_hal_tim_ex.o
                0x08006746                HAL_TIMEx_BreakCallback
 .text.HAL_UART_Init
                0x08006758       0xa0 ./Drivers/STM32F1xx_HAL_Driver/Src/stm32f1xx_hal_uart.o
                0x08006758                HAL_UART_Init
 .text.HAL_UART_Transmit
                0x080067f8      0x116 ./Drivers/STM32F1xx_HAL_Driver/Src/stm32f1xx_hal_uart.o
                0x080067f8                HAL_UART_Transmit
 .text.HAL_UART_Receive_IT
                0x0800690e       0x4a ./Drivers/STM32F1xx_HAL_Driver/Src/stm32f1xx_hal_uart.o
                0x0800690e                HAL_UART_Receive_IT
 .text.HAL_UART_IRQHandler
                0x08006958      0x524 ./Drivers/STM32F1xx_HAL_Driver/Src/stm32f1xx_hal_uart.o
                0x08006958                HAL_UART_IRQHandler
 .text.HAL_UART_TxCpltCallback
                0x08006e7c       0x12 ./Drivers/STM32F1xx_HAL_Driver/Src/stm32f1xx_hal_uart.o
                0x08006e7c                HAL_UART_TxCpltCallback
 .text.HAL_UART_ErrorCallback
                0x08006e8e       0x12 ./Drivers/STM32F1xx_HAL_Driver/Src/stm32f1xx_hal_uart.o
                0x08006e8e                HAL_UART_ErrorCallback
 .text.HAL_UARTEx_RxEventCallback
                0x08006ea0       0x16 ./Drivers/STM32F1xx_HAL_Driver/Src/stm32f1xx_hal_uart.o
                0x08006ea0                HAL_UARTEx_RxEventCallback
 .text.UART_WaitOnFlagUntilTimeout
                0x08006eb6       0xb2 ./Drivers/STM32F1xx_HAL_Driver/Src/stm32f1xx_hal_uart.o
 .text.UART_Start_Receive_IT
                0x08006f68       0x72 ./Drivers/STM32F1xx_HAL_Driver/Src/stm32f1xx_hal_uart.o
                0x08006f68                UART_Start_Receive_IT
 .text.UART_EndRxTransfer
                0x08006fda       0xc4 ./Drivers/STM32F1xx_HAL_Driver/Src/stm32f1xx_hal_uart.o
 .text.UART_DMAAbortOnError
                0x0800709e       0x28 ./Drivers/STM32F1xx_HAL_Driver/Src/stm32f1xx_hal_uart.o
 .text.UART_Transmit_IT
                0x080070c6       0x9e ./Drivers/STM32F1xx_HAL_Driver/Src/stm32f1xx_hal_uart.o
 .text.UART_EndTransmit_IT
                0x08007164       0x30 ./Drivers/STM32F1xx_HAL_Driver/Src/stm32f1xx_hal_uart.o
 .text.UART_Receive_IT
                0x08007194      0x17c ./Drivers/STM32F1xx_HAL_Driver/Src/stm32f1xx_hal_uart.o
 .text.UART_SetConfig
                0x08007310      0x11c ./Drivers/STM32F1xx_HAL_Driver/Src/stm32f1xx_hal_uart.o
 .text.USB_CoreInit
                0x0800742c       0x1a ./Drivers/STM32F1xx_HAL_Driver/Src/stm32f1xx_ll_usb.o
                0x0800742c                USB_CoreInit
 .text.USB_EnableGlobalInt
                0x08007446       0x2c ./Drivers/STM32F1xx_HAL_Driver/Src/stm32f1xx_ll_usb.o
                0x08007446                USB_EnableGlobalInt
 .text.USB_DisableGlobalInt
                0x08007472       0x34 ./Drivers/STM32F1xx_HAL_Driver/Src/stm32f1xx_ll_usb.o
                0x08007472                USB_DisableGlobalInt
 .text.USB_SetCurrentMode
                0x080074a6       0x18 ./Drivers/STM32F1xx_HAL_Driver/Src/stm32f1xx_ll_usb.o
                0x080074a6                USB_SetCurrentMode
 .text.USB_DevInit
                0x080074be       0x3a ./Drivers/STM32F1xx_HAL_Driver/Src/stm32f1xx_ll_usb.o
                0x080074be                USB_DevInit
 .text.USB_ActivateEndpoint
                0x080074f8      0x780 ./Drivers/STM32F1xx_HAL_Driver/Src/stm32f1xx_ll_usb.o
                0x080074f8                USB_ActivateEndpoint
 .text.USB_DeactivateEndpoint
                0x08007c78      0x3d8 ./Drivers/STM32F1xx_HAL_Driver/Src/stm32f1xx_ll_usb.o
                0x08007c78                USB_DeactivateEndpoint
 .text.USB_EPStartXfer
                0x08008050     0x1762 ./Drivers/STM32F1xx_HAL_Driver/Src/stm32f1xx_ll_usb.o
                0x08008050                USB_EPStartXfer
 .text.USB_EPSetStall
                0x080097b2       0xa0 ./Drivers/STM32F1xx_HAL_Driver/Src/stm32f1xx_ll_usb.o
                0x080097b2                USB_EPSetStall
 .text.USB_EPClearStall
                0x08009852      0x15a ./Drivers/STM32F1xx_HAL_Driver/Src/stm32f1xx_ll_usb.o
                0x08009852                USB_EPClearStall
 .text.USB_SetDevAddress
                0x080099ac       0x26 ./Drivers/STM32F1xx_HAL_Driver/Src/stm32f1xx_ll_usb.o
                0x080099ac                USB_SetDevAddress
 .text.USB_DevConnect
                0x080099d2       0x14 ./Drivers/STM32F1xx_HAL_Driver/Src/stm32f1xx_ll_usb.o
                0x080099d2                USB_DevConnect
 .text.USB_DevDisconnect
                0x080099e6       0x14 ./Drivers/STM32F1xx_HAL_Driver/Src/stm32f1xx_ll_usb.o
                0x080099e6                USB_DevDisconnect
 .text.USB_ReadInterrupts
                0x080099fa       0x1e ./Drivers/STM32F1xx_HAL_Driver/Src/stm32f1xx_ll_usb.o
                0x080099fa                USB_ReadInterrupts
 .text.USB_EP0_OutStart
                0x08009a18       0x16 ./Drivers/STM32F1xx_HAL_Driver/Src/stm32f1xx_ll_usb.o
                0x08009a18                USB_EP0_OutStart
 .text.USB_WritePMA
                0x08009a2e       0x8c ./Drivers/STM32F1xx_HAL_Driver/Src/stm32f1xx_ll_usb.o
                0x08009a2e                USB_WritePMA
 .text.USB_ReadPMA
                0x08009aba       0x9e ./Drivers/STM32F1xx_HAL_Driver/Src/stm32f1xx_ll_usb.o
                0x08009aba                USB_ReadPMA
 .text.USBD_CDC_Init
                0x08009b58       0xf4 ./Middlewares/ST/STM32_USB_Device_Library/Class/CDC/Src/usbd_cdc.o
 .text.USBD_CDC_DeInit
                0x08009c4c       0x6e ./Middlewares/ST/STM32_USB_Device_Library/Class/CDC/Src/usbd_cdc.o
 .text.USBD_CDC_Setup
                0x08009cba      0x146 ./Middlewares/ST/STM32_USB_Device_Library/Class/CDC/Src/usbd_cdc.o
 .text.USBD_CDC_DataIn
                0x08009e00       0xa6 ./Middlewares/ST/STM32_USB_Device_Library/Class/CDC/Src/usbd_cdc.o
 .text.USBD_CDC_DataOut
                0x08009ea6       0x56 ./Middlewares/ST/STM32_USB_Device_Library/Class/CDC/Src/usbd_cdc.o
 .text.USBD_CDC_EP0_RxReady
                0x08009efc       0x4e ./Middlewares/ST/STM32_USB_Device_Library/Class/CDC/Src/usbd_cdc.o
 *fill*         0x08009f4a        0x2 
 .text.USBD_CDC_GetFSCfgDesc
                0x08009f4c       0x20 ./Middlewares/ST/STM32_USB_Device_Library/Class/CDC/Src/usbd_cdc.o
 .text.USBD_CDC_GetHSCfgDesc
                0x08009f6c       0x20 ./Middlewares/ST/STM32_USB_Device_Library/Class/CDC/Src/usbd_cdc.o
 .text.USBD_CDC_GetOtherSpeedCfgDesc
                0x08009f8c       0x20 ./Middlewares/ST/STM32_USB_Device_Library/Class/CDC/Src/usbd_cdc.o
 .text.USBD_CDC_GetDeviceQualifierDescriptor
                0x08009fac       0x20 ./Middlewares/ST/STM32_USB_Device_Library/Class/CDC/Src/usbd_cdc.o
                0x08009fac                USBD_CDC_GetDeviceQualifierDescriptor
 .text.USBD_CDC_RegisterInterface
                0x08009fcc       0x2c ./Middlewares/ST/STM32_USB_Device_Library/Class/CDC/Src/usbd_cdc.o
                0x08009fcc                USBD_CDC_RegisterInterface
 .text.USBD_CDC_SetTxBuffer
                0x08009ff8       0x32 ./Middlewares/ST/STM32_USB_Device_Library/Class/CDC/Src/usbd_cdc.o
                0x08009ff8                USBD_CDC_SetTxBuffer
 .text.USBD_CDC_SetRxBuffer
                0x0800a02a       0x26 ./Middlewares/ST/STM32_USB_Device_Library/Class/CDC/Src/usbd_cdc.o
                0x0800a02a                USBD_CDC_SetRxBuffer
 .text.USBD_CDC_TransmitPacket
                0x0800a050       0x5e ./Middlewares/ST/STM32_USB_Device_Library/Class/CDC/Src/usbd_cdc.o
                0x0800a050                USBD_CDC_TransmitPacket
 .text.USBD_CDC_ReceivePacket
                0x0800a0ae       0x54 ./Middlewares/ST/STM32_USB_Device_Library/Class/CDC/Src/usbd_cdc.o
                0x0800a0ae                USBD_CDC_ReceivePacket
 .text.USBD_Init
                0x0800a102       0x56 ./Middlewares/ST/STM32_USB_Device_Library/Core/Src/usbd_core.o
                0x0800a102                USBD_Init
 .text.USBD_RegisterClass
                0x0800a158       0x32 ./Middlewares/ST/STM32_USB_Device_Library/Core/Src/usbd_core.o
                0x0800a158                USBD_RegisterClass
 .text.USBD_Start
                0x0800a18a       0x18 ./Middlewares/ST/STM32_USB_Device_Library/Core/Src/usbd_core.o
                0x0800a18a                USBD_Start
 .text.USBD_RunTestMode
                0x0800a1a2       0x14 ./Middlewares/ST/STM32_USB_Device_Library/Core/Src/usbd_core.o
                0x0800a1a2                USBD_RunTestMode
 .text.USBD_SetClassConfig
                0x0800a1b6       0x3e ./Middlewares/ST/STM32_USB_Device_Library/Core/Src/usbd_core.o
                0x0800a1b6                USBD_SetClassConfig
 .text.USBD_ClrClassConfig
                0x0800a1f4       0x26 ./Middlewares/ST/STM32_USB_Device_Library/Core/Src/usbd_core.o
                0x0800a1f4                USBD_ClrClassConfig
 .text.USBD_LL_SetupStage
                0x0800a21a       0x9a ./Middlewares/ST/STM32_USB_Device_Library/Core/Src/usbd_core.o
                0x0800a21a                USBD_LL_SetupStage
 .text.USBD_LL_DataOutStage
                0x0800a2b4       0xe2 ./Middlewares/ST/STM32_USB_Device_Library/Core/Src/usbd_core.o
                0x0800a2b4                USBD_LL_DataOutStage
 .text.USBD_LL_DataInStage
                0x0800a396      0x14a ./Middlewares/ST/STM32_USB_Device_Library/Core/Src/usbd_core.o
                0x0800a396                USBD_LL_DataInStage
 .text.USBD_LL_Reset
                0x0800a4e0       0x82 ./Middlewares/ST/STM32_USB_Device_Library/Core/Src/usbd_core.o
                0x0800a4e0                USBD_LL_Reset
 .text.USBD_LL_SetSpeed
                0x0800a562       0x1e ./Middlewares/ST/STM32_USB_Device_Library/Core/Src/usbd_core.o
                0x0800a562                USBD_LL_SetSpeed
 .text.USBD_LL_Suspend
                0x0800a580       0x28 ./Middlewares/ST/STM32_USB_Device_Library/Core/Src/usbd_core.o
                0x0800a580                USBD_LL_Suspend
 .text.USBD_LL_Resume
                0x0800a5a8       0x2a ./Middlewares/ST/STM32_USB_Device_Library/Core/Src/usbd_core.o
                0x0800a5a8                USBD_LL_Resume
 .text.USBD_LL_SOF
                0x0800a5d2       0x34 ./Middlewares/ST/STM32_USB_Device_Library/Core/Src/usbd_core.o
                0x0800a5d2                USBD_LL_SOF
 *fill*         0x0800a606        0x2 
 .text.USBD_StdDevReq
                0x0800a608       0xd4 ./Middlewares/ST/STM32_USB_Device_Library/Core/Src/usbd_ctlreq.o
                0x0800a608                USBD_StdDevReq
 .text.USBD_StdItfReq
                0x0800a6dc       0x90 ./Middlewares/ST/STM32_USB_Device_Library/Core/Src/usbd_ctlreq.o
                0x0800a6dc                USBD_StdItfReq
 .text.USBD_StdEPReq
                0x0800a76c      0x2c6 ./Middlewares/ST/STM32_USB_Device_Library/Core/Src/usbd_ctlreq.o
                0x0800a76c                USBD_StdEPReq
 *fill*         0x0800aa32        0x2 
 .text.USBD_GetDescriptor
                0x0800aa34      0x2d0 ./Middlewares/ST/STM32_USB_Device_Library/Core/Src/usbd_ctlreq.o
 .text.USBD_SetAddress
                0x0800ad04       0x86 ./Middlewares/ST/STM32_USB_Device_Library/Core/Src/usbd_ctlreq.o
 *fill*         0x0800ad8a        0x2 
 .text.USBD_SetConfig
                0x0800ad8c      0x11c ./Middlewares/ST/STM32_USB_Device_Library/Core/Src/usbd_ctlreq.o
 .text.USBD_GetConfig
                0x0800aea8       0x6a ./Middlewares/ST/STM32_USB_Device_Library/Core/Src/usbd_ctlreq.o
 .text.USBD_GetStatus
                0x0800af12       0x66 ./Middlewares/ST/STM32_USB_Device_Library/Core/Src/usbd_ctlreq.o
 .text.USBD_SetFeature
                0x0800af78       0x28 ./Middlewares/ST/STM32_USB_Device_Library/Core/Src/usbd_ctlreq.o
 .text.USBD_ClrFeature
                0x0800afa0       0x42 ./Middlewares/ST/STM32_USB_Device_Library/Core/Src/usbd_ctlreq.o
 .text.USBD_ParseSetupRequest
                0x0800afe2       0x72 ./Middlewares/ST/STM32_USB_Device_Library/Core/Src/usbd_ctlreq.o
                0x0800afe2                USBD_ParseSetupRequest
 .text.USBD_CtlError
                0x0800b054       0x22 ./Middlewares/ST/STM32_USB_Device_Library/Core/Src/usbd_ctlreq.o
                0x0800b054                USBD_CtlError
 .text.USBD_GetString
                0x0800b076       0x84 ./Middlewares/ST/STM32_USB_Device_Library/Core/Src/usbd_ctlreq.o
                0x0800b076                USBD_GetString
 .text.USBD_GetLen
                0x0800b0fa       0x2e ./Middlewares/ST/STM32_USB_Device_Library/Core/Src/usbd_ctlreq.o
 .text.USBD_CtlSendData
                0x0800b128       0x38 ./Middlewares/ST/STM32_USB_Device_Library/Core/Src/usbd_ioreq.o
                0x0800b128                USBD_CtlSendData
 .text.USBD_CtlContinueSendData
                0x0800b160       0x24 ./Middlewares/ST/STM32_USB_Device_Library/Core/Src/usbd_ioreq.o
                0x0800b160                USBD_CtlContinueSendData
 .text.USBD_CtlPrepareRx
                0x0800b184       0x3c ./Middlewares/ST/STM32_USB_Device_Library/Core/Src/usbd_ioreq.o
                0x0800b184                USBD_CtlPrepareRx
 .text.USBD_CtlContinueRx
                0x0800b1c0       0x24 ./Middlewares/ST/STM32_USB_Device_Library/Core/Src/usbd_ioreq.o
                0x0800b1c0                USBD_CtlContinueRx
 .text.USBD_CtlSendStatus
                0x0800b1e4       0x26 ./Middlewares/ST/STM32_USB_Device_Library/Core/Src/usbd_ioreq.o
                0x0800b1e4                USBD_CtlSendStatus
 .text.USBD_CtlReceiveStatus
                0x0800b20a       0x26 ./Middlewares/ST/STM32_USB_Device_Library/Core/Src/usbd_ioreq.o
                0x0800b20a                USBD_CtlReceiveStatus
 .text.MX_USB_DEVICE_Init
                0x0800b230       0x60 ./USB_DEVICE/App/usb_device.o
                0x0800b230                MX_USB_DEVICE_Init
 .text.CDC_Init_FS
                0x0800b290       0x28 ./USB_DEVICE/App/usbd_cdc_if.o
 .text.CDC_DeInit_FS
                0x0800b2b8        0xe ./USB_DEVICE/App/usbd_cdc_if.o
 *fill*         0x0800b2c6        0x2 
 .text.CDC_Control_FS
                0x0800b2c8      0x15c ./USB_DEVICE/App/usbd_cdc_if.o
 .text.CDC_Receive_FS
                0x0800b424       0x40 ./USB_DEVICE/App/usbd_cdc_if.o
 .text.CDC_Transmit_FS
                0x0800b464       0x4c ./USB_DEVICE/App/usbd_cdc_if.o
                0x0800b464                CDC_Transmit_FS
 .text.CDC_Attach_Rx
                0x0800b4b0       0x1c ./USB_DEVICE/App/usbd_cdc_if.o
                0x0800b4b0                CDC_Attach_Rx
 .text.USBD_FS_DeviceDescriptor
                0x0800b4cc       0x24 ./USB_DEVICE/App/usbd_desc.o
                0x0800b4cc                USBD_FS_DeviceDescriptor
 .text.USBD_FS_LangIDStrDescriptor
                0x0800b4f0       0x24 ./USB_DEVICE/App/usbd_desc.o
                0x0800b4f0                USBD_FS_LangIDStrDescriptor
 .text.USBD_FS_ProductStrDescriptor
                0x0800b514       0x3c ./USB_DEVICE/App/usbd_desc.o
                0x0800b514                USBD_FS_ProductStrDescriptor
 .text.USBD_FS_ManufacturerStrDescriptor
                0x0800b550       0x28 ./USB_DEVICE/App/usbd_desc.o
                0x0800b550                USBD_FS_ManufacturerStrDescriptor
 .text.USBD_FS_SerialStrDescriptor
                0x0800b578       0x24 ./USB_DEVICE/App/usbd_desc.o
                0x0800b578                USBD_FS_SerialStrDescriptor
 .text.USBD_FS_ConfigStrDescriptor
                0x0800b59c       0x3c ./USB_DEVICE/App/usbd_desc.o
                0x0800b59c                USBD_FS_ConfigStrDescriptor
 .text.USBD_FS_InterfaceStrDescriptor
                0x0800b5d8       0x3c ./USB_DEVICE/App/usbd_desc.o
                0x0800b5d8                USBD_FS_InterfaceStrDescriptor
 .text.Get_SerialNum
                0x0800b614       0x58 ./USB_DEVICE/App/usbd_desc.o
 .text.IntToUnicode
                0x0800b66c       0x7c ./USB_DEVICE/App/usbd_desc.o
 .text.HAL_PCD_MspInit
                0x0800b6e8       0x4c ./USB_DEVICE/Target/usbd_conf.o
                0x0800b6e8                HAL_PCD_MspInit
 .text.HAL_PCD_SetupStageCallback
                0x0800b734       0x24 ./USB_DEVICE/Target/usbd_conf.o
                0x0800b734                HAL_PCD_SetupStageCallback
 .text.HAL_PCD_DataOutStageCallback
                0x0800b758       0x36 ./USB_DEVICE/Target/usbd_conf.o
                0x0800b758                HAL_PCD_DataOutStageCallback
 .text.HAL_PCD_DataInStageCallback
                0x0800b78e       0x34 ./USB_DEVICE/Target/usbd_conf.o
                0x0800b78e                HAL_PCD_DataInStageCallback
 .text.HAL_PCD_SOFCallback
                0x0800b7c2       0x1c ./USB_DEVICE/Target/usbd_conf.o
                0x0800b7c2                HAL_PCD_SOFCallback
 .text.HAL_PCD_ResetCallback
                0x0800b7de       0x3c ./USB_DEVICE/Target/usbd_conf.o
                0x0800b7de                HAL_PCD_ResetCallback
 *fill*         0x0800b81a        0x2 
 .text.HAL_PCD_SuspendCallback
                0x0800b81c       0x34 ./USB_DEVICE/Target/usbd_conf.o
                0x0800b81c                HAL_PCD_SuspendCallback
 .text.HAL_PCD_ResumeCallback
                0x0800b850       0x1c ./USB_DEVICE/Target/usbd_conf.o
                0x0800b850                HAL_PCD_ResumeCallback
 .text.USBD_LL_Init
                0x0800b86c       0xb4 ./USB_DEVICE/Target/usbd_conf.o
                0x0800b86c                USBD_LL_Init
 .text.USBD_LL_Start
                0x0800b920       0x36 ./USB_DEVICE/Target/usbd_conf.o
                0x0800b920                USBD_LL_Start
 .text.USBD_LL_OpenEP
                0x0800b956       0x4c ./USB_DEVICE/Target/usbd_conf.o
                0x0800b956                USBD_LL_OpenEP
 .text.USBD_LL_CloseEP
                0x0800b9a2       0x3e ./USB_DEVICE/Target/usbd_conf.o
                0x0800b9a2                USBD_LL_CloseEP
 .text.USBD_LL_StallEP
                0x0800b9e0       0x3e ./USB_DEVICE/Target/usbd_conf.o
                0x0800b9e0                USBD_LL_StallEP
 .text.USBD_LL_ClearStallEP
                0x0800ba1e       0x3e ./USB_DEVICE/Target/usbd_conf.o
                0x0800ba1e                USBD_LL_ClearStallEP
 .text.USBD_LL_IsStallEP
                0x0800ba5c       0x56 ./USB_DEVICE/Target/usbd_conf.o
                0x0800ba5c                USBD_LL_IsStallEP
 .text.USBD_LL_SetUSBAddress
                0x0800bab2       0x3e ./USB_DEVICE/Target/usbd_conf.o
                0x0800bab2                USBD_LL_SetUSBAddress
 .text.USBD_LL_Transmit
                0x0800baf0       0x46 ./USB_DEVICE/Target/usbd_conf.o
                0x0800baf0                USBD_LL_Transmit
 .text.USBD_LL_PrepareReceive
                0x0800bb36       0x46 ./USB_DEVICE/Target/usbd_conf.o
                0x0800bb36                USBD_LL_PrepareReceive
 .text.USBD_LL_GetRxDataSize
                0x0800bb7c       0x26 ./USB_DEVICE/Target/usbd_conf.o
                0x0800bb7c                USBD_LL_GetRxDataSize
 *fill*         0x0800bba2        0x2 
 .text.USBD_static_malloc
                0x0800bba4       0x18 ./USB_DEVICE/Target/usbd_conf.o
                0x0800bba4                USBD_static_malloc
 .text.USBD_static_free
                0x0800bbbc       0x12 ./USB_DEVICE/Target/usbd_conf.o
                0x0800bbbc                USBD_static_free
 .text.HAL_PCDEx_SetConnectionState
                0x0800bbce       0x16 ./USB_DEVICE/Target/usbd_conf.o
                0x0800bbce                HAL_PCDEx_SetConnectionState
 .text.USBD_Get_USB_Status
                0x0800bbe4       0x58 ./USB_DEVICE/Target/usbd_conf.o
 .text.__itoa   0x0800bc3c       0x30 C:/ST/STM32CubeIDE_1.18.1/STM32CubeIDE/plugins/com.st.stm32cube.ide.mcu.externaltools.gnu-tools-for-stm32.13.3.rel1.win32_1.0.0.202411081344/tools/bin/../lib/gcc/arm-none-eabi/13.3.1/../../../../arm-none-eabi/lib/thumb/v7-m/nofp\libc_nano.a(libc_a-itoa.o)
                0x0800bc3c                __itoa
 .text.itoa     0x0800bc6c        0x4 C:/ST/STM32CubeIDE_1.18.1/STM32CubeIDE/plugins/com.st.stm32cube.ide.mcu.externaltools.gnu-tools-for-stm32.13.3.rel1.win32_1.0.0.202411081344/tools/bin/../lib/gcc/arm-none-eabi/13.3.1/../../../../arm-none-eabi/lib/thumb/v7-m/nofp\libc_nano.a(libc_a-itoa.o)
                0x0800bc6c                itoa
 .text.__utoa   0x0800bc70       0x84 C:/ST/STM32CubeIDE_1.18.1/STM32CubeIDE/plugins/com.st.stm32cube.ide.mcu.externaltools.gnu-tools-for-stm32.13.3.rel1.win32_1.0.0.202411081344/tools/bin/../lib/gcc/arm-none-eabi/13.3.1/../../../../arm-none-eabi/lib/thumb/v7-m/nofp\libc_nano.a(libc_a-utoa.o)
                0x0800bc70                __utoa
 .text.snprintf
                0x0800bcf4       0x6c C:/ST/STM32CubeIDE_1.18.1/STM32CubeIDE/plugins/com.st.stm32cube.ide.mcu.externaltools.gnu-tools-for-stm32.13.3.rel1.win32_1.0.0.202411081344/tools/bin/../lib/gcc/arm-none-eabi/13.3.1/../../../../arm-none-eabi/lib/thumb/v7-m/nofp\libc_nano.a(libc_a-snprintf.o)
                0x0800bcf4                sniprintf
                0x0800bcf4                snprintf
 .text.memset   0x0800bd60       0x10 C:/ST/STM32CubeIDE_1.18.1/STM32CubeIDE/plugins/com.st.stm32cube.ide.mcu.externaltools.gnu-tools-for-stm32.13.3.rel1.win32_1.0.0.202411081344/tools/bin/../lib/gcc/arm-none-eabi/13.3.1/../../../../arm-none-eabi/lib/thumb/v7-m/nofp\libc_nano.a(libc_a-memset.o)
                0x0800bd60                memset
 .text.strncpy  0x0800bd70       0x26 C:/ST/STM32CubeIDE_1.18.1/STM32CubeIDE/plugins/com.st.stm32cube.ide.mcu.externaltools.gnu-tools-for-stm32.13.3.rel1.win32_1.0.0.202411081344/tools/bin/../lib/gcc/arm-none-eabi/13.3.1/../../../../arm-none-eabi/lib/thumb/v7-m/nofp\libc_nano.a(libc_a-strncpy.o)
                0x0800bd70                strncpy
 *fill*         0x0800bd96        0x2 
 .text.__errno  0x0800bd98        0xc C:/ST/STM32CubeIDE_1.18.1/STM32CubeIDE/plugins/com.st.stm32cube.ide.mcu.externaltools.gnu-tools-for-stm32.13.3.rel1.win32_1.0.0.202411081344/tools/bin/../lib/gcc/arm-none-eabi/13.3.1/../../../../arm-none-eabi/lib/thumb/v7-m/nofp\libc_nano.a(libc_a-errno.o)
                0x0800bd98                __errno
 .text.__libc_init_array
                0x0800bda4       0x48 C:/ST/STM32CubeIDE_1.18.1/STM32CubeIDE/plugins/com.st.stm32cube.ide.mcu.externaltools.gnu-tools-for-stm32.13.3.rel1.win32_1.0.0.202411081344/tools/bin/../lib/gcc/arm-none-eabi/13.3.1/../../../../arm-none-eabi/lib/thumb/v7-m/nofp\libc_nano.a(libc_a-init.o)
                0x0800bda4                __libc_init_array
 .text.__retarget_lock_acquire_recursive
                0x0800bdec        0x2 C:/ST/STM32CubeIDE_1.18.1/STM32CubeIDE/plugins/com.st.stm32cube.ide.mcu.externaltools.gnu-tools-for-stm32.13.3.rel1.win32_1.0.0.202411081344/tools/bin/../lib/gcc/arm-none-eabi/13.3.1/../../../../arm-none-eabi/lib/thumb/v7-m/nofp\libc_nano.a(libc_a-lock.o)
                0x0800bdec                __retarget_lock_acquire_recursive
 .text.__retarget_lock_release_recursive
                0x0800bdee        0x2 C:/ST/STM32CubeIDE_1.18.1/STM32CubeIDE/plugins/com.st.stm32cube.ide.mcu.externaltools.gnu-tools-for-stm32.13.3.rel1.win32_1.0.0.202411081344/tools/bin/../lib/gcc/arm-none-eabi/13.3.1/../../../../arm-none-eabi/lib/thumb/v7-m/nofp\libc_nano.a(libc_a-lock.o)
                0x0800bdee                __retarget_lock_release_recursive
 .text.memcpy   0x0800bdf0       0x1c C:/ST/STM32CubeIDE_1.18.1/STM32CubeIDE/plugins/com.st.stm32cube.ide.mcu.externaltools.gnu-tools-for-stm32.13.3.rel1.win32_1.0.0.202411081344/tools/bin/../lib/gcc/arm-none-eabi/13.3.1/../../../../arm-none-eabi/lib/thumb/v7-m/nofp\libc_nano.a(libc_a-memcpy-stub.o)
                0x0800bdf0                memcpy
 .text._free_r  0x0800be0c       0x90 C:/ST/STM32CubeIDE_1.18.1/STM32CubeIDE/plugins/com.st.stm32cube.ide.mcu.externaltools.gnu-tools-for-stm32.13.3.rel1.win32_1.0.0.202411081344/tools/bin/../lib/gcc/arm-none-eabi/13.3.1/../../../../arm-none-eabi/lib/thumb/v7-m/nofp\libc_nano.a(libc_a-freer.o)
                0x0800be0c                _free_r
 .text.sbrk_aligned
                0x0800be9c       0x44 C:/ST/STM32CubeIDE_1.18.1/STM32CubeIDE/plugins/com.st.stm32cube.ide.mcu.externaltools.gnu-tools-for-stm32.13.3.rel1.win32_1.0.0.202411081344/tools/bin/../lib/gcc/arm-none-eabi/13.3.1/../../../../arm-none-eabi/lib/thumb/v7-m/nofp\libc_nano.a(libc_a-mallocr.o)
 .text._malloc_r
                0x0800bee0      0x100 C:/ST/STM32CubeIDE_1.18.1/STM32CubeIDE/plugins/com.st.stm32cube.ide.mcu.externaltools.gnu-tools-for-stm32.13.3.rel1.win32_1.0.0.202411081344/tools/bin/../lib/gcc/arm-none-eabi/13.3.1/../../../../arm-none-eabi/lib/thumb/v7-m/nofp\libc_nano.a(libc_a-mallocr.o)
                0x0800bee0                _malloc_r
 .text.__malloc_lock
                0x0800bfe0        0xc C:/ST/STM32CubeIDE_1.18.1/STM32CubeIDE/plugins/com.st.stm32cube.ide.mcu.externaltools.gnu-tools-for-stm32.13.3.rel1.win32_1.0.0.202411081344/tools/bin/../lib/gcc/arm-none-eabi/13.3.1/../../../../arm-none-eabi/lib/thumb/v7-m/nofp\libc_nano.a(libc_a-mlock.o)
                0x0800bfe0                __malloc_lock
 .text.__malloc_unlock
                0x0800bfec        0xc C:/ST/STM32CubeIDE_1.18.1/STM32CubeIDE/plugins/com.st.stm32cube.ide.mcu.externaltools.gnu-tools-for-stm32.13.3.rel1.win32_1.0.0.202411081344/tools/bin/../lib/gcc/arm-none-eabi/13.3.1/../../../../arm-none-eabi/lib/thumb/v7-m/nofp\libc_nano.a(libc_a-mlock.o)
                0x0800bfec                __malloc_unlock
 .text.__ssputs_r
                0x0800bff8       0xb6 C:/ST/STM32CubeIDE_1.18.1/STM32CubeIDE/plugins/com.st.stm32cube.ide.mcu.externaltools.gnu-tools-for-stm32.13.3.rel1.win32_1.0.0.202411081344/tools/bin/../lib/gcc/arm-none-eabi/13.3.1/../../../../arm-none-eabi/lib/thumb/v7-m/nofp\libc_nano.a(libc_a-nano-svfprintf.o)
                0x0800bff8                __ssputs_r
 *fill*         0x0800c0ae        0x2 
 .text._svfprintf_r
                0x0800c0b0      0x1f8 C:/ST/STM32CubeIDE_1.18.1/STM32CubeIDE/plugins/com.st.stm32cube.ide.mcu.externaltools.gnu-tools-for-stm32.13.3.rel1.win32_1.0.0.202411081344/tools/bin/../lib/gcc/arm-none-eabi/13.3.1/../../../../arm-none-eabi/lib/thumb/v7-m/nofp\libc_nano.a(libc_a-nano-svfprintf.o)
                0x0800c0b0                _svfiprintf_r
                0x0800c0b0                _svfprintf_r
 .text._printf_common
                0x0800c2a8       0xe4 C:/ST/STM32CubeIDE_1.18.1/STM32CubeIDE/plugins/com.st.stm32cube.ide.mcu.externaltools.gnu-tools-for-stm32.13.3.rel1.win32_1.0.0.202411081344/tools/bin/../lib/gcc/arm-none-eabi/13.3.1/../../../../arm-none-eabi/lib/thumb/v7-m/nofp\libc_nano.a(libc_a-nano-vfprintf_i.o)
                0x0800c2a8                _printf_common
 .text._printf_i
                0x0800c38c      0x23c C:/ST/STM32CubeIDE_1.18.1/STM32CubeIDE/plugins/com.st.stm32cube.ide.mcu.externaltools.gnu-tools-for-stm32.13.3.rel1.win32_1.0.0.202411081344/tools/bin/../lib/gcc/arm-none-eabi/13.3.1/../../../../arm-none-eabi/lib/thumb/v7-m/nofp\libc_nano.a(libc_a-nano-vfprintf_i.o)
                0x0800c38c                _printf_i
 .text.memmove  0x0800c5c8       0x34 C:/ST/STM32CubeIDE_1.18.1/STM32CubeIDE/plugins/com.st.stm32cube.ide.mcu.externaltools.gnu-tools-for-stm32.13.3.rel1.win32_1.0.0.202411081344/tools/bin/../lib/gcc/arm-none-eabi/13.3.1/../../../../arm-none-eabi/lib/thumb/v7-m/nofp\libc_nano.a(libc_a-memmove.o)
                0x0800c5c8                memmove
 .text._sbrk_r  0x0800c5fc       0x20 C:/ST/STM32CubeIDE_1.18.1/STM32CubeIDE/plugins/com.st.stm32cube.ide.mcu.externaltools.gnu-tools-for-stm32.13.3.rel1.win32_1.0.0.202411081344/tools/bin/../lib/gcc/arm-none-eabi/13.3.1/../../../../arm-none-eabi/lib/thumb/v7-m/nofp\libc_nano.a(libc_a-sbrkr.o)
                0x0800c5fc                _sbrk_r
 .text.memchr   0x0800c61c       0x1c C:/ST/STM32CubeIDE_1.18.1/STM32CubeIDE/plugins/com.st.stm32cube.ide.mcu.externaltools.gnu-tools-for-stm32.13.3.rel1.win32_1.0.0.202411081344/tools/bin/../lib/gcc/arm-none-eabi/13.3.1/../../../../arm-none-eabi/lib/thumb/v7-m/nofp\libc_nano.a(libc_a-memchr-stub.o)
                0x0800c61c                memchr
 .text._realloc_r
                0x0800c638       0x5c C:/ST/STM32CubeIDE_1.18.1/STM32CubeIDE/plugins/com.st.stm32cube.ide.mcu.externaltools.gnu-tools-for-stm32.13.3.rel1.win32_1.0.0.202411081344/tools/bin/../lib/gcc/arm-none-eabi/13.3.1/../../../../arm-none-eabi/lib/thumb/v7-m/nofp\libc_nano.a(libc_a-reallocr.o)
                0x0800c638                _realloc_r
 .text._malloc_usable_size_r
                0x0800c694       0x10 C:/ST/STM32CubeIDE_1.18.1/STM32CubeIDE/plugins/com.st.stm32cube.ide.mcu.externaltools.gnu-tools-for-stm32.13.3.rel1.win32_1.0.0.202411081344/tools/bin/../lib/gcc/arm-none-eabi/13.3.1/../../../../arm-none-eabi/lib/thumb/v7-m/nofp\libc_nano.a(libc_a-msizer.o)
                0x0800c694                _malloc_usable_size_r
 *(.glue_7)
 .glue_7        0x0800c6a4        0x0 linker stubs
 *(.glue_7t)
 .glue_7t       0x0800c6a4        0x0 linker stubs
 *(.eh_frame)
 .eh_frame      0x0800c6a4        0x0 C:/ST/STM32CubeIDE_1.18.1/STM32CubeIDE/plugins/com.st.stm32cube.ide.mcu.externaltools.gnu-tools-for-stm32.13.3.rel1.win32_1.0.0.202411081344/tools/bin/../lib/gcc/arm-none-eabi/13.3.1/thumb/v7-m/nofp/crtbegin.o
 *(.init)
 .init          0x0800c6a4        0x4 C:/ST/STM32CubeIDE_1.18.1/STM32CubeIDE/plugins/com.st.stm32cube.ide.mcu.externaltools.gnu-tools-for-stm32.13.3.rel1.win32_1.0.0.202411081344/tools/bin/../lib/gcc/arm-none-eabi/13.3.1/thumb/v7-m/nofp/crti.o
                0x0800c6a4                _init
 .init          0x0800c6a8        0x8 C:/ST/STM32CubeIDE_1.18.1/STM32CubeIDE/plugins/com.st.stm32cube.ide.mcu.externaltools.gnu-tools-for-stm32.13.3.rel1.win32_1.0.0.202411081344/tools/bin/../lib/gcc/arm-none-eabi/13.3.1/thumb/v7-m/nofp/crtn.o
 *(.fini)
 .fini          0x0800c6b0        0x4 C:/ST/STM32CubeIDE_1.18.1/STM32CubeIDE/plugins/com.st.stm32cube.ide.mcu.externaltools.gnu-tools-for-stm32.13.3.rel1.win32_1.0.0.202411081344/tools/bin/../lib/gcc/arm-none-eabi/13.3.1/thumb/v7-m/nofp/crti.o
                0x0800c6b0                _fini
 .fini          0x0800c6b4        0x8 C:/ST/STM32CubeIDE_1.18.1/STM32CubeIDE/plugins/com.st.stm32cube.ide.mcu.externaltools.gnu-tools-for-stm32.13.3.rel1.win32_1.0.0.202411081344/tools/bin/../lib/gcc/arm-none-eabi/13.3.1/thumb/v7-m/nofp/crtn.o
                0x0800c6bc                        . = ALIGN (0x4)
                0x0800c6bc                        _etext = .

.vfp11_veneer   0x0800c6bc        0x0
 .vfp11_veneer  0x0800c6bc        0x0 linker stubs

.v4_bx          0x0800c6bc        0x0
 .v4_bx         0x0800c6bc        0x0 linker stubs

.iplt           0x0800c6bc        0x0
 .iplt          0x0800c6bc        0x0 C:/ST/STM32CubeIDE_1.18.1/STM32CubeIDE/plugins/com.st.stm32cube.ide.mcu.externaltools.gnu-tools-for-stm32.13.3.rel1.win32_1.0.0.202411081344/tools/bin/../lib/gcc/arm-none-eabi/13.3.1/thumb/v7-m/nofp/crtbegin.o

.rodata         0x0800c6bc      0x638
                0x0800c6bc                        . = ALIGN (0x4)
 *(.rodata)
 .rodata        0x0800c6bc      0x275 ./Core/Src/ESP01.o
 *fill*         0x0800c931        0x3 
 .rodata        0x0800c934        0xa ./Core/Src/UNER.o
 *fill*         0x0800c93e        0x2 
 .rodata        0x0800c940      0x116 ./Core/Src/main.o
 *fill*         0x0800ca56        0x2 
 .rodata        0x0800ca58       0x46 ./USB_DEVICE/App/usbd_desc.o
 *(.rodata*)
 *fill*         0x0800ca9e        0x2 
 .rodata.ATAT   0x0800caa0        0x5 ./Core/Src/ESP01.o
                0x0800caa0                ATAT
 *fill*         0x0800caa5        0x3 
 .rodata.ATCIPMUX
                0x0800caa8        0xe ./Core/Src/ESP01.o
                0x0800caa8                ATCIPMUX
 *fill*         0x0800cab6        0x2 
 .rodata.ATCWMODE
                0x0800cab8        0xe ./Core/Src/ESP01.o
                0x0800cab8                ATCWMODE
 *fill*         0x0800cac6        0x2 
 .rodata.ATCWJAP
                0x0800cac8        0xa ./Core/Src/ESP01.o
                0x0800cac8                ATCWJAP
 *fill*         0x0800cad2        0x2 
 .rodata.ATCIFSR
                0x0800cad4        0xb ./Core/Src/ESP01.o
                0x0800cad4                ATCIFSR
 *fill*         0x0800cadf        0x1 
 .rodata.ATCIPSTART
                0x0800cae0        0xd ./Core/Src/ESP01.o
                0x0800cae0                ATCIPSTART
 *fill*         0x0800caed        0x3 
 .rodata.ATCIPCLOSE
                0x0800caf0        0xe ./Core/Src/ESP01.o
                0x0800caf0                ATCIPCLOSE
 *fill*         0x0800cafe        0x2 
 .rodata.ATCIPSEND
                0x0800cb00        0xc ./Core/Src/ESP01.o
                0x0800cb00                ATCIPSEND
 .rodata.respAT
                0x0800cb0c        0x8 ./Core/Src/ESP01.o
                0x0800cb0c                respAT
 .rodata.respATp
                0x0800cb14        0x8 ./Core/Src/ESP01.o
                0x0800cb14                respATp
 .rodata.respOK
                0x0800cb1c        0x9 ./Core/Src/ESP01.o
                0x0800cb1c                respOK
 *fill*         0x0800cb25        0x3 
 .rodata.respERROR
                0x0800cb28        0xc ./Core/Src/ESP01.o
                0x0800cb28                respERROR
 .rodata.respWIFIGOTIP
                0x0800cb34       0x12 ./Core/Src/ESP01.o
                0x0800cb34                respWIFIGOTIP
 *fill*         0x0800cb46        0x2 
 .rodata.respWIFICONNECTED
                0x0800cb48       0x15 ./Core/Src/ESP01.o
                0x0800cb48                respWIFICONNECTED
 *fill*         0x0800cb5d        0x3 
 .rodata.respWIFIDISCONNECT
                0x0800cb60       0x16 ./Core/Src/ESP01.o
                0x0800cb60                respWIFIDISCONNECT
 *fill*         0x0800cb76        0x2 
 .rodata.respWIFIDISCONNECTED
                0x0800cb78       0x18 ./Core/Src/ESP01.o
                0x0800cb78                respWIFIDISCONNECTED
 .rodata.respDISCONNECTED
                0x0800cb90       0x13 ./Core/Src/ESP01.o
                0x0800cb90                respDISCONNECTED
 *fill*         0x0800cba3        0x1 
 .rodata.respSENDOK
                0x0800cba4        0xe ./Core/Src/ESP01.o
                0x0800cba4                respSENDOK
 *fill*         0x0800cbb2        0x2 
 .rodata.respCONNECT
                0x0800cbb4        0xe ./Core/Src/ESP01.o
                0x0800cbb4                respCONNECT
 *fill*         0x0800cbc2        0x2 
 .rodata.respCLOSED
                0x0800cbc4        0xd ./Core/Src/ESP01.o
                0x0800cbc4                respCLOSED
 *fill*         0x0800cbd1        0x3 
 .rodata.respCIFSRAPIP
                0x0800cbd4       0x11 ./Core/Src/ESP01.o
                0x0800cbd4                respCIFSRAPIP
 *fill*         0x0800cbe5        0x3 
 .rodata.respBUSY
                0x0800cbe8        0xb ./Core/Src/ESP01.o
                0x0800cbe8                respBUSY
 *fill*         0x0800cbf3        0x1 
 .rodata.respIPD
                0x0800cbf4        0x9 ./Core/Src/ESP01.o
                0x0800cbf4                respIPD
 *fill*         0x0800cbfd        0x3 
 .rodata.respReady
                0x0800cc00        0xc ./Core/Src/ESP01.o
                0x0800cc00                respReady
 .rodata.respBUSYP
                0x0800cc0c        0xb ./Core/Src/ESP01.o
                0x0800cc0c                respBUSYP
 *fill*         0x0800cc17        0x1 
 .rodata.respBUSYS
                0x0800cc18        0xb ./Core/Src/ESP01.o
                0x0800cc18                respBUSYS
 *fill*         0x0800cc23        0x1 
 .rodata.responses
                0x0800cc24       0x4c ./Core/Src/ESP01.o
                0x0800cc24                responses
 .rodata.AHBPrescTable
                0x0800cc70       0x10 ./Core/Src/system_stm32f1xx.o
                0x0800cc70                AHBPrescTable
 .rodata.APBPrescTable
                0x0800cc80        0x8 ./Core/Src/system_stm32f1xx.o
                0x0800cc80                APBPrescTable
 .rodata.aPLLMULFactorTable.1
                0x0800cc88       0x10 ./Drivers/STM32F1xx_HAL_Driver/Src/stm32f1xx_hal_rcc.o
 .rodata.aPredivFactorTable.0
                0x0800cc98        0x2 ./Drivers/STM32F1xx_HAL_Driver/Src/stm32f1xx_hal_rcc.o
 .rodata.__utoa.str1.1
                0x0800cc9a       0x58 C:/ST/STM32CubeIDE_1.18.1/STM32CubeIDE/plugins/com.st.stm32cube.ide.mcu.externaltools.gnu-tools-for-stm32.13.3.rel1.win32_1.0.0.202411081344/tools/bin/../lib/gcc/arm-none-eabi/13.3.1/../../../../arm-none-eabi/lib/thumb/v7-m/nofp\libc_nano.a(libc_a-utoa.o)
                                 0x25 (size before relaxing)
 .rodata._svfprintf_r.str1.1
                0x0800ccf2       0x11 C:/ST/STM32CubeIDE_1.18.1/STM32CubeIDE/plugins/com.st.stm32cube.ide.mcu.externaltools.gnu-tools-for-stm32.13.3.rel1.win32_1.0.0.202411081344/tools/bin/../lib/gcc/arm-none-eabi/13.3.1/../../../../arm-none-eabi/lib/thumb/v7-m/nofp\libc_nano.a(libc_a-nano-svfprintf.o)
 .rodata._printf_i.str1.1
                0x0800ccf2       0x22 C:/ST/STM32CubeIDE_1.18.1/STM32CubeIDE/plugins/com.st.stm32cube.ide.mcu.externaltools.gnu-tools-for-stm32.13.3.rel1.win32_1.0.0.202411081344/tools/bin/../lib/gcc/arm-none-eabi/13.3.1/../../../../arm-none-eabi/lib/thumb/v7-m/nofp\libc_nano.a(libc_a-nano-vfprintf_i.o)
                0x0800cd14                        . = ALIGN (0x4)
 *fill*         0x0800ccf2        0x2 

.ARM.extab      0x0800ccf4        0x0
                0x0800ccf4                        . = ALIGN (0x4)
 *(.ARM.extab* .gnu.linkonce.armextab.*)
                0x0800ccf4                        . = ALIGN (0x4)

.ARM            0x0800ccf4        0x8
                0x0800ccf4                        . = ALIGN (0x4)
                0x0800ccf4                        __exidx_start = .
 *(.ARM.exidx*)
 .ARM.exidx     0x0800ccf4        0x8 C:/ST/STM32CubeIDE_1.18.1/STM32CubeIDE/plugins/com.st.stm32cube.ide.mcu.externaltools.gnu-tools-for-stm32.13.3.rel1.win32_1.0.0.202411081344/tools/bin/../lib/gcc/arm-none-eabi/13.3.1/../../../../arm-none-eabi/lib/thumb/v7-m/nofp\libc_nano.a(libc_a-strlen.o)
                0x0800ccfc                        __exidx_end = .
                0x0800ccfc                        . = ALIGN (0x4)

.preinit_array  0x0800ccfc        0x0
                0x0800ccfc                        . = ALIGN (0x4)
                0x0800ccfc                        PROVIDE (__preinit_array_start = .)
 *(.preinit_array*)
                0x0800ccfc                        PROVIDE (__preinit_array_end = .)
                0x0800ccfc                        . = ALIGN (0x4)

.init_array     0x0800ccfc        0x4
                0x0800ccfc                        . = ALIGN (0x4)
                0x0800ccfc                        PROVIDE (__init_array_start = .)
 *(SORT_BY_NAME(.init_array.*))
 *(.init_array*)
 .init_array    0x0800ccfc        0x4 C:/ST/STM32CubeIDE_1.18.1/STM32CubeIDE/plugins/com.st.stm32cube.ide.mcu.externaltools.gnu-tools-for-stm32.13.3.rel1.win32_1.0.0.202411081344/tools/bin/../lib/gcc/arm-none-eabi/13.3.1/thumb/v7-m/nofp/crtbegin.o
                0x0800cd00                        PROVIDE (__init_array_end = .)
                0x0800cd00                        . = ALIGN (0x4)

.fini_array     0x0800cd00        0x4
                0x0800cd00                        . = ALIGN (0x4)
                [!provide]                        PROVIDE (__fini_array_start = .)
 *(SORT_BY_NAME(.fini_array.*))
 *(.fini_array*)
 .fini_array    0x0800cd00        0x4 C:/ST/STM32CubeIDE_1.18.1/STM32CubeIDE/plugins/com.st.stm32cube.ide.mcu.externaltools.gnu-tools-for-stm32.13.3.rel1.win32_1.0.0.202411081344/tools/bin/../lib/gcc/arm-none-eabi/13.3.1/thumb/v7-m/nofp/crtbegin.o
                [!provide]                        PROVIDE (__fini_array_end = .)
                0x0800cd04                        . = ALIGN (0x4)
                0x0800cd04                        _sidata = LOADADDR (.data)

.rel.dyn        0x0800cd04        0x0
 .rel.iplt      0x0800cd04        0x0 C:/ST/STM32CubeIDE_1.18.1/STM32CubeIDE/plugins/com.st.stm32cube.ide.mcu.externaltools.gnu-tools-for-stm32.13.3.rel1.win32_1.0.0.202411081344/tools/bin/../lib/gcc/arm-none-eabi/13.3.1/thumb/v7-m/nofp/crtbegin.o

.data           0x20000000      0x1f0 load address 0x0800cd04
                0x20000000                        . = ALIGN (0x4)
                0x20000000                        _sdata = .
 *(.data)
 *(.data*)
 .data.esp01PROTO
                0x20000000        0x4 ./Core/Src/ESP01.o
 .data.firmware
                0x20000004        0x4 ./Core/Src/UNER.o
                0x20000004                firmware
 .data.esp01Handle.0
                0x20000008       0x14 ./Core/Src/main.o
 .data.SystemCoreClock
                0x2000001c        0x4 ./Core/Src/system_stm32f1xx.o
                0x2000001c                SystemCoreClock
 .data.uwTickPrio
                0x20000020        0x4 ./Drivers/STM32F1xx_HAL_Driver/Src/stm32f1xx_hal.o
                0x20000020                uwTickPrio
 .data.uwTickFreq
                0x20000024        0x1 ./Drivers/STM32F1xx_HAL_Driver/Src/stm32f1xx_hal.o
                0x20000024                uwTickFreq
 *fill*         0x20000025        0x3 
 .data.USBD_CDC_DeviceQualifierDesc
                0x20000028        0xa ./Middlewares/ST/STM32_USB_Device_Library/Class/CDC/Src/usbd_cdc.o
 *fill*         0x20000032        0x2 
 .data.USBD_CDC
                0x20000034       0x38 ./Middlewares/ST/STM32_USB_Device_Library/Class/CDC/Src/usbd_cdc.o
                0x20000034                USBD_CDC
 .data.USBD_CDC_CfgHSDesc
                0x2000006c       0x43 ./Middlewares/ST/STM32_USB_Device_Library/Class/CDC/Src/usbd_cdc.o
                0x2000006c                USBD_CDC_CfgHSDesc
 *fill*         0x200000af        0x1 
 .data.USBD_CDC_CfgFSDesc
                0x200000b0       0x43 ./Middlewares/ST/STM32_USB_Device_Library/Class/CDC/Src/usbd_cdc.o
                0x200000b0                USBD_CDC_CfgFSDesc
 *fill*         0x200000f3        0x1 
 .data.USBD_CDC_OtherSpeedCfgDesc
                0x200000f4       0x43 ./Middlewares/ST/STM32_USB_Device_Library/Class/CDC/Src/usbd_cdc.o
                0x200000f4                USBD_CDC_OtherSpeedCfgDesc
 *fill*         0x20000137        0x1 
 .data.LineCoding
                0x20000138        0x8 ./USB_DEVICE/App/usbd_cdc_if.o
                0x20000138                LineCoding
 .data.USBD_Interface_fops_FS
                0x20000140       0x10 ./USB_DEVICE/App/usbd_cdc_if.o
                0x20000140                USBD_Interface_fops_FS
 .data.FS_Desc  0x20000150       0x1c ./USB_DEVICE/App/usbd_desc.o
                0x20000150                FS_Desc
 .data.USBD_FS_DeviceDesc
                0x2000016c       0x12 ./USB_DEVICE/App/usbd_desc.o
                0x2000016c                USBD_FS_DeviceDesc
 *fill*         0x2000017e        0x2 
 .data.USBD_LangIDDesc
                0x20000180        0x4 ./USB_DEVICE/App/usbd_desc.o
                0x20000180                USBD_LangIDDesc
 .data.USBD_StringSerial
                0x20000184       0x1a ./USB_DEVICE/App/usbd_desc.o
                0x20000184                USBD_StringSerial
 *fill*         0x2000019e        0x2 
 .data._impure_ptr
                0x200001a0        0x4 C:/ST/STM32CubeIDE_1.18.1/STM32CubeIDE/plugins/com.st.stm32cube.ide.mcu.externaltools.gnu-tools-for-stm32.13.3.rel1.win32_1.0.0.202411081344/tools/bin/../lib/gcc/arm-none-eabi/13.3.1/../../../../arm-none-eabi/lib/thumb/v7-m/nofp\libc_nano.a(libc_a-impure.o)
                0x200001a0                _impure_ptr
 .data._impure_data
                0x200001a4       0x4c C:/ST/STM32CubeIDE_1.18.1/STM32CubeIDE/plugins/com.st.stm32cube.ide.mcu.externaltools.gnu-tools-for-stm32.13.3.rel1.win32_1.0.0.202411081344/tools/bin/../lib/gcc/arm-none-eabi/13.3.1/../../../../arm-none-eabi/lib/thumb/v7-m/nofp\libc_nano.a(libc_a-impure.o)
                0x200001a4                _impure_data
 *(.RamFunc)
 *(.RamFunc*)
                0x200001f0                        . = ALIGN (0x4)
                0x200001f0                        _edata = .

.igot.plt       0x200001f0        0x0 load address 0x0800cef4
 .igot.plt      0x200001f0        0x0 C:/ST/STM32CubeIDE_1.18.1/STM32CubeIDE/plugins/com.st.stm32cube.ide.mcu.externaltools.gnu-tools-for-stm32.13.3.rel1.win32_1.0.0.202411081344/tools/bin/../lib/gcc/arm-none-eabi/13.3.1/thumb/v7-m/nofp/crtbegin.o
                0x200001f0                        . = ALIGN (0x4)

.bss            0x200001f0     0x16d8 load address 0x0800cef4
                0x200001f0                        _sbss = .
                0x200001f0                        __bss_start__ = _sbss
 *(.bss)
 .bss           0x200001f0       0x1c C:/ST/STM32CubeIDE_1.18.1/STM32CubeIDE/plugins/com.st.stm32cube.ide.mcu.externaltools.gnu-tools-for-stm32.13.3.rel1.win32_1.0.0.202411081344/tools/bin/../lib/gcc/arm-none-eabi/13.3.1/thumb/v7-m/nofp/crtbegin.o
 *(.bss*)
 .bss.esp01ATSate
                0x2000020c        0x1 ./Core/Src/ESP01.o
 *fill*         0x2000020d        0x3 
 .bss.esp01Flags
                0x20000210        0x1 ./Core/Src/ESP01.o
 *fill*         0x20000211        0x3 
 .bss.esp01TimeoutTask
                0x20000214        0x4 ./Core/Src/ESP01.o
 .bss.esp01TimeoutDataRx
                0x20000218        0x4 ./Core/Src/ESP01.o
 .bss.esp01TimeoutTxSymbol
                0x2000021c        0x4 ./Core/Src/ESP01.o
 .bss.aESP01ChangeState
                0x20000220        0x4 ./Core/Src/ESP01.o
 .bss.aDbgStr   0x20000224        0x4 ./Core/Src/ESP01.o
 .bss.esp01SSID
                0x20000228       0x40 ./Core/Src/ESP01.o
 .bss.esp01PASSWORD
                0x20000268       0x20 ./Core/Src/ESP01.o
 .bss.esp01RemoteIP
                0x20000288       0x10 ./Core/Src/ESP01.o
 .bss.esp01RemotePORT
                0x20000298        0x6 ./Core/Src/ESP01.o
 *fill*         0x2000029e        0x2 
 .bss.esp01LocalIP
                0x200002a0       0x10 ./Core/Src/ESP01.o
 .bss.esp01LocalPORT
                0x200002b0        0x6 ./Core/Src/ESP01.o
 .bss.esp01HState
                0x200002b6        0x1 ./Core/Src/ESP01.o
 *fill*         0x200002b7        0x1 
 .bss.esp01nBytes
                0x200002b8        0x2 ./Core/Src/ESP01.o
 *fill*         0x200002ba        0x2 
 .bss.esp01RXATBuf
                0x200002bc       0x80 ./Core/Src/ESP01.o
 .bss.esp01TXATBuf
                0x2000033c      0x100 ./Core/Src/ESP01.o
 .bss.esp01iwRXAT
                0x2000043c        0x2 ./Core/Src/ESP01.o
 .bss.esp01irRXAT
                0x2000043e        0x2 ./Core/Src/ESP01.o
 .bss.esp01irTX
                0x20000440        0x2 ./Core/Src/ESP01.o
 .bss.esp01iwTX
                0x20000442        0x2 ./Core/Src/ESP01.o
 .bss.esp01TriesAT
                0x20000444        0x1 ./Core/Src/ESP01.o
 *fill*         0x20000445        0x3 
 .bss.esp01Handle
                0x20000448       0x14 ./Core/Src/ESP01.o
 .bss.indexResponse
                0x2000045c        0x1 ./Core/Src/ESP01.o
 .bss.indexResponseChar
                0x2000045d        0x1 ./Core/Src/ESP01.o
 .bss.globalIndex
                0x2000045e        0x2 ./Core/Src/UNER.o
                0x2000045e                globalIndex
 .bss.unerRx    0x20000460        0x4 ./Core/Src/UNER.o
 .bss.unerTx    0x20000464        0x4 ./Core/Src/UNER.o
 .bss.hadc1     0x20000468       0x30 ./Core/Src/main.o
                0x20000468                hadc1
 .bss.hdma_adc1
                0x20000498       0x44 ./Core/Src/main.o
                0x20000498                hdma_adc1
 .bss.htim1     0x200004dc       0x48 ./Core/Src/main.o
                0x200004dc                htim1
 .bss.htim2     0x20000524       0x48 ./Core/Src/main.o
                0x20000524                htim2
 .bss.huart1    0x2000056c       0x48 ./Core/Src/main.o
                0x2000056c                huart1
 .bss.huart2    0x200005b4       0x48 ./Core/Src/main.o
                0x200005b4                huart2
 .bss.BufUSBTx  0x200005fc      0x100 ./Core/Src/main.o
                0x200005fc                BufUSBTx
 .bss.nBytesTx  0x200006fc        0x1 ./Core/Src/main.o
                0x200006fc                nBytesTx
 .bss.is250us   0x200006fd        0x1 ./Core/Src/main.o
                0x200006fd                is250us
 .bss.tmo100ms  0x200006fe        0x1 ./Core/Src/main.o
                0x200006fe                tmo100ms
 .bss.is10ms    0x200006ff        0x1 ./Core/Src/main.o
                0x200006ff                is10ms
 .bss.dataTx    0x20000700        0x1 ./Core/Src/main.o
                0x20000700                dataTx
 .bss.dataRx    0x20000701        0x1 ./Core/Src/main.o
                0x20000701                dataRx
 .bss.ESPSend   0x20000702        0x1 ./Core/Src/main.o
                0x20000702                ESPSend
 *fill*         0x20000703        0x1 
 .bss.unerRxBuffer
                0x20000704      0x100 ./Core/Src/main.o
 .bss.unerTxBuffer
                0x20000804      0x100 ./Core/Src/main.o
 .bss.unerRx    0x20000904       0x10 ./Core/Src/main.o
 .bss.unerTx    0x20000914        0x8 ./Core/Src/main.o
 .bss.adcValues
                0x2000091c       0x10 ./Core/Src/main.o
                0x2000091c                adcValues
 .bss.adcCounter
                0x2000092c        0x1 ./Core/Src/main.o
                0x2000092c                adcCounter
 *fill*         0x2000092d        0x3 
 .bss.esp01RxBuf
                0x20000930       0x80 ./Core/Src/main.o
 .bss.esp01IwRx
                0x200009b0        0x2 ./Core/Src/main.o
 *fill*         0x200009b2        0x2 
 .bss.__sbrk_heap_end
                0x200009b4        0x4 ./Core/Src/sysmem.o
 .bss.uwTick    0x200009b8        0x4 ./Drivers/STM32F1xx_HAL_Driver/Src/stm32f1xx_hal.o
                0x200009b8                uwTick
 .bss.cfgidx.0  0x200009bc        0x1 ./Middlewares/ST/STM32_USB_Device_Library/Core/Src/usbd_ctlreq.o
 *fill*         0x200009bd        0x3 
 .bss.hUsbDeviceFS
                0x200009c0      0x2c4 ./USB_DEVICE/App/usb_device.o
                0x200009c0                hUsbDeviceFS
 .bss.UserRxBufferFS
                0x20000c84      0x200 ./USB_DEVICE/App/usbd_cdc_if.o
                0x20000c84                UserRxBufferFS
 .bss.UserTxBufferFS
                0x20000e84      0x200 ./USB_DEVICE/App/usbd_cdc_if.o
                0x20000e84                UserTxBufferFS
 .bss.MyPtrRx   0x20001084        0x4 ./USB_DEVICE/App/usbd_cdc_if.o
 .bss.USBD_StrDesc
                0x20001088      0x200 ./USB_DEVICE/App/usbd_desc.o
                0x20001088                USBD_StrDesc
 .bss.hpcd_USB_FS
                0x20001288      0x2d8 ./USB_DEVICE/Target/usbd_conf.o
                0x20001288                hpcd_USB_FS
 .bss.mem.0     0x20001560      0x220 ./USB_DEVICE/Target/usbd_conf.o
 .bss.__sf      0x20001780      0x138 C:/ST/STM32CubeIDE_1.18.1/STM32CubeIDE/plugins/com.st.stm32cube.ide.mcu.externaltools.gnu-tools-for-stm32.13.3.rel1.win32_1.0.0.202411081344/tools/bin/../lib/gcc/arm-none-eabi/13.3.1/../../../../arm-none-eabi/lib/thumb/v7-m/nofp\libc_nano.a(libc_a-findfp.o)
                0x20001780                __sf
 .bss.errno     0x200018b8        0x4 C:/ST/STM32CubeIDE_1.18.1/STM32CubeIDE/plugins/com.st.stm32cube.ide.mcu.externaltools.gnu-tools-for-stm32.13.3.rel1.win32_1.0.0.202411081344/tools/bin/../lib/gcc/arm-none-eabi/13.3.1/../../../../arm-none-eabi/lib/thumb/v7-m/nofp\libc_nano.a(libc_a-reent.o)
                0x200018b8                errno
 .bss.__lock___malloc_recursive_mutex
                0x200018bc        0x1 C:/ST/STM32CubeIDE_1.18.1/STM32CubeIDE/plugins/com.st.stm32cube.ide.mcu.externaltools.gnu-tools-for-stm32.13.3.rel1.win32_1.0.0.202411081344/tools/bin/../lib/gcc/arm-none-eabi/13.3.1/../../../../arm-none-eabi/lib/thumb/v7-m/nofp\libc_nano.a(libc_a-lock.o)
                0x200018bc                __lock___malloc_recursive_mutex
 *fill*         0x200018bd        0x3 
 .bss.__malloc_sbrk_start
                0x200018c0        0x4 C:/ST/STM32CubeIDE_1.18.1/STM32CubeIDE/plugins/com.st.stm32cube.ide.mcu.externaltools.gnu-tools-for-stm32.13.3.rel1.win32_1.0.0.202411081344/tools/bin/../lib/gcc/arm-none-eabi/13.3.1/../../../../arm-none-eabi/lib/thumb/v7-m/nofp\libc_nano.a(libc_a-mallocr.o)
                0x200018c0                __malloc_sbrk_start
 .bss.__malloc_free_list
                0x200018c4        0x4 C:/ST/STM32CubeIDE_1.18.1/STM32CubeIDE/plugins/com.st.stm32cube.ide.mcu.externaltools.gnu-tools-for-stm32.13.3.rel1.win32_1.0.0.202411081344/tools/bin/../lib/gcc/arm-none-eabi/13.3.1/../../../../arm-none-eabi/lib/thumb/v7-m/nofp\libc_nano.a(libc_a-mallocr.o)
                0x200018c4                __malloc_free_list
 *(COMMON)
                0x200018c8                        . = ALIGN (0x4)
                0x200018c8                        _ebss = .
                0x200018c8                        __bss_end__ = _ebss

._user_heap_stack
                0x200018c8      0x600 load address 0x0800cef4
                0x200018c8                        . = ALIGN (0x8)
                [!provide]                        PROVIDE (end = .)
                0x200018c8                        PROVIDE (_end = .)
                0x20001ac8                        . = (. + _Min_Heap_Size)
 *fill*         0x200018c8      0x200 
                0x20001ec8                        . = (. + _Min_Stack_Size)
 *fill*         0x20001ac8      0x400 
                0x20001ec8                        . = ALIGN (0x8)

/DISCARD/
 libc.a(*)
 libm.a(*)
 libgcc.a(*)

.ARM.attributes
                0x00000000       0x29
 *(.ARM.attributes)
 .ARM.attributes
                0x00000000       0x1d C:/ST/STM32CubeIDE_1.18.1/STM32CubeIDE/plugins/com.st.stm32cube.ide.mcu.externaltools.gnu-tools-for-stm32.13.3.rel1.win32_1.0.0.202411081344/tools/bin/../lib/gcc/arm-none-eabi/13.3.1/thumb/v7-m/nofp/crti.o
 .ARM.attributes
                0x0000001d       0x2d C:/ST/STM32CubeIDE_1.18.1/STM32CubeIDE/plugins/com.st.stm32cube.ide.mcu.externaltools.gnu-tools-for-stm32.13.3.rel1.win32_1.0.0.202411081344/tools/bin/../lib/gcc/arm-none-eabi/13.3.1/thumb/v7-m/nofp/crtbegin.o
 .ARM.attributes
                0x0000004a       0x2d ./Core/Src/ESP01.o
 .ARM.attributes
                0x00000077       0x2d ./Core/Src/UNER.o
 .ARM.attributes
                0x000000a4       0x2d ./Core/Src/main.o
 .ARM.attributes
                0x000000d1       0x2d ./Core/Src/stm32f1xx_hal_msp.o
 .ARM.attributes
                0x000000fe       0x2d ./Core/Src/stm32f1xx_it.o
 .ARM.attributes
                0x0000012b       0x2d ./Core/Src/sysmem.o
 .ARM.attributes
                0x00000158       0x2d ./Core/Src/system_stm32f1xx.o
 .ARM.attributes
                0x00000185       0x21 ./Core/Startup/startup_stm32f103c8tx.o
 .ARM.attributes
                0x000001a6       0x2d ./Drivers/STM32F1xx_HAL_Driver/Src/stm32f1xx_hal.o
 .ARM.attributes
                0x000001d3       0x2d ./Drivers/STM32F1xx_HAL_Driver/Src/stm32f1xx_hal_adc.o
 .ARM.attributes
                0x00000200       0x2d ./Drivers/STM32F1xx_HAL_Driver/Src/stm32f1xx_hal_cortex.o
 .ARM.attributes
                0x0000022d       0x2d ./Drivers/STM32F1xx_HAL_Driver/Src/stm32f1xx_hal_dma.o
 .ARM.attributes
                0x0000025a       0x2d ./Drivers/STM32F1xx_HAL_Driver/Src/stm32f1xx_hal_gpio.o
 .ARM.attributes
                0x00000287       0x2d ./Drivers/STM32F1xx_HAL_Driver/Src/stm32f1xx_hal_pcd.o
 .ARM.attributes
                0x000002b4       0x2d ./Drivers/STM32F1xx_HAL_Driver/Src/stm32f1xx_hal_pcd_ex.o
 .ARM.attributes
                0x000002e1       0x2d ./Drivers/STM32F1xx_HAL_Driver/Src/stm32f1xx_hal_rcc.o
 .ARM.attributes
                0x0000030e       0x2d ./Drivers/STM32F1xx_HAL_Driver/Src/stm32f1xx_hal_rcc_ex.o
 .ARM.attributes
                0x0000033b       0x2d ./Drivers/STM32F1xx_HAL_Driver/Src/stm32f1xx_hal_tim.o
 .ARM.attributes
                0x00000368       0x2d ./Drivers/STM32F1xx_HAL_Driver/Src/stm32f1xx_hal_tim_ex.o
 .ARM.attributes
                0x00000395       0x2d ./Drivers/STM32F1xx_HAL_Driver/Src/stm32f1xx_hal_uart.o
 .ARM.attributes
                0x000003c2       0x2d ./Drivers/STM32F1xx_HAL_Driver/Src/stm32f1xx_ll_usb.o
 .ARM.attributes
                0x000003ef       0x2d ./Middlewares/ST/STM32_USB_Device_Library/Class/CDC/Src/usbd_cdc.o
 .ARM.attributes
                0x0000041c       0x2d ./Middlewares/ST/STM32_USB_Device_Library/Core/Src/usbd_core.o
 .ARM.attributes
                0x00000449       0x2d ./Middlewares/ST/STM32_USB_Device_Library/Core/Src/usbd_ctlreq.o
 .ARM.attributes
                0x00000476       0x2d ./Middlewares/ST/STM32_USB_Device_Library/Core/Src/usbd_ioreq.o
 .ARM.attributes
                0x000004a3       0x2d ./USB_DEVICE/App/usb_device.o
 .ARM.attributes
                0x000004d0       0x2d ./USB_DEVICE/App/usbd_cdc_if.o
 .ARM.attributes
                0x000004fd       0x2d ./USB_DEVICE/App/usbd_desc.o
 .ARM.attributes
                0x0000052a       0x2d ./USB_DEVICE/Target/usbd_conf.o
 .ARM.attributes
                0x00000557       0x2d C:/ST/STM32CubeIDE_1.18.1/STM32CubeIDE/plugins/com.st.stm32cube.ide.mcu.externaltools.gnu-tools-for-stm32.13.3.rel1.win32_1.0.0.202411081344/tools/bin/../lib/gcc/arm-none-eabi/13.3.1/../../../../arm-none-eabi/lib/thumb/v7-m/nofp\libc_nano.a(libc_a-itoa.o)
 .ARM.attributes
                0x00000584       0x2d C:/ST/STM32CubeIDE_1.18.1/STM32CubeIDE/plugins/com.st.stm32cube.ide.mcu.externaltools.gnu-tools-for-stm32.13.3.rel1.win32_1.0.0.202411081344/tools/bin/../lib/gcc/arm-none-eabi/13.3.1/../../../../arm-none-eabi/lib/thumb/v7-m/nofp\libc_nano.a(libc_a-utoa.o)
 .ARM.attributes
                0x000005b1       0x2d C:/ST/STM32CubeIDE_1.18.1/STM32CubeIDE/plugins/com.st.stm32cube.ide.mcu.externaltools.gnu-tools-for-stm32.13.3.rel1.win32_1.0.0.202411081344/tools/bin/../lib/gcc/arm-none-eabi/13.3.1/../../../../arm-none-eabi/lib/thumb/v7-m/nofp\libc_nano.a(libc_a-findfp.o)
 .ARM.attributes
                0x000005de       0x2d C:/ST/STM32CubeIDE_1.18.1/STM32CubeIDE/plugins/com.st.stm32cube.ide.mcu.externaltools.gnu-tools-for-stm32.13.3.rel1.win32_1.0.0.202411081344/tools/bin/../lib/gcc/arm-none-eabi/13.3.1/../../../../arm-none-eabi/lib/thumb/v7-m/nofp\libc_nano.a(libc_a-snprintf.o)
 .ARM.attributes
                0x0000060b       0x2d C:/ST/STM32CubeIDE_1.18.1/STM32CubeIDE/plugins/com.st.stm32cube.ide.mcu.externaltools.gnu-tools-for-stm32.13.3.rel1.win32_1.0.0.202411081344/tools/bin/../lib/gcc/arm-none-eabi/13.3.1/../../../../arm-none-eabi/lib/thumb/v7-m/nofp\libc_nano.a(libc_a-memset.o)
 .ARM.attributes
                0x00000638       0x2d C:/ST/STM32CubeIDE_1.18.1/STM32CubeIDE/plugins/com.st.stm32cube.ide.mcu.externaltools.gnu-tools-for-stm32.13.3.rel1.win32_1.0.0.202411081344/tools/bin/../lib/gcc/arm-none-eabi/13.3.1/../../../../arm-none-eabi/lib/thumb/v7-m/nofp\libc_nano.a(libc_a-strncpy.o)
 .ARM.attributes
                0x00000665       0x2d C:/ST/STM32CubeIDE_1.18.1/STM32CubeIDE/plugins/com.st.stm32cube.ide.mcu.externaltools.gnu-tools-for-stm32.13.3.rel1.win32_1.0.0.202411081344/tools/bin/../lib/gcc/arm-none-eabi/13.3.1/../../../../arm-none-eabi/lib/thumb/v7-m/nofp\libc_nano.a(libc_a-reent.o)
 .ARM.attributes
                0x00000692       0x2d C:/ST/STM32CubeIDE_1.18.1/STM32CubeIDE/plugins/com.st.stm32cube.ide.mcu.externaltools.gnu-tools-for-stm32.13.3.rel1.win32_1.0.0.202411081344/tools/bin/../lib/gcc/arm-none-eabi/13.3.1/../../../../arm-none-eabi/lib/thumb/v7-m/nofp\libc_nano.a(libc_a-impure.o)
 .ARM.attributes
                0x000006bf       0x2d C:/ST/STM32CubeIDE_1.18.1/STM32CubeIDE/plugins/com.st.stm32cube.ide.mcu.externaltools.gnu-tools-for-stm32.13.3.rel1.win32_1.0.0.202411081344/tools/bin/../lib/gcc/arm-none-eabi/13.3.1/../../../../arm-none-eabi/lib/thumb/v7-m/nofp\libc_nano.a(libc_a-errno.o)
 .ARM.attributes
                0x000006ec       0x2d C:/ST/STM32CubeIDE_1.18.1/STM32CubeIDE/plugins/com.st.stm32cube.ide.mcu.externaltools.gnu-tools-for-stm32.13.3.rel1.win32_1.0.0.202411081344/tools/bin/../lib/gcc/arm-none-eabi/13.3.1/../../../../arm-none-eabi/lib/thumb/v7-m/nofp\libc_nano.a(libc_a-init.o)
 .ARM.attributes
                0x00000719       0x2d C:/ST/STM32CubeIDE_1.18.1/STM32CubeIDE/plugins/com.st.stm32cube.ide.mcu.externaltools.gnu-tools-for-stm32.13.3.rel1.win32_1.0.0.202411081344/tools/bin/../lib/gcc/arm-none-eabi/13.3.1/../../../../arm-none-eabi/lib/thumb/v7-m/nofp\libc_nano.a(libc_a-lock.o)
 .ARM.attributes
                0x00000746       0x2d C:/ST/STM32CubeIDE_1.18.1/STM32CubeIDE/plugins/com.st.stm32cube.ide.mcu.externaltools.gnu-tools-for-stm32.13.3.rel1.win32_1.0.0.202411081344/tools/bin/../lib/gcc/arm-none-eabi/13.3.1/../../../../arm-none-eabi/lib/thumb/v7-m/nofp\libc_nano.a(libc_a-memcpy-stub.o)
 .ARM.attributes
                0x00000773       0x17 C:/ST/STM32CubeIDE_1.18.1/STM32CubeIDE/plugins/com.st.stm32cube.ide.mcu.externaltools.gnu-tools-for-stm32.13.3.rel1.win32_1.0.0.202411081344/tools/bin/../lib/gcc/arm-none-eabi/13.3.1/../../../../arm-none-eabi/lib/thumb/v7-m/nofp\libc_nano.a(libc_a-strlen.o)
 .ARM.attributes
                0x0000078a       0x2d C:/ST/STM32CubeIDE_1.18.1/STM32CubeIDE/plugins/com.st.stm32cube.ide.mcu.externaltools.gnu-tools-for-stm32.13.3.rel1.win32_1.0.0.202411081344/tools/bin/../lib/gcc/arm-none-eabi/13.3.1/../../../../arm-none-eabi/lib/thumb/v7-m/nofp\libc_nano.a(libc_a-freer.o)
 .ARM.attributes
                0x000007b7       0x2d C:/ST/STM32CubeIDE_1.18.1/STM32CubeIDE/plugins/com.st.stm32cube.ide.mcu.externaltools.gnu-tools-for-stm32.13.3.rel1.win32_1.0.0.202411081344/tools/bin/../lib/gcc/arm-none-eabi/13.3.1/../../../../arm-none-eabi/lib/thumb/v7-m/nofp\libc_nano.a(libc_a-mallocr.o)
 .ARM.attributes
                0x000007e4       0x2d C:/ST/STM32CubeIDE_1.18.1/STM32CubeIDE/plugins/com.st.stm32cube.ide.mcu.externaltools.gnu-tools-for-stm32.13.3.rel1.win32_1.0.0.202411081344/tools/bin/../lib/gcc/arm-none-eabi/13.3.1/../../../../arm-none-eabi/lib/thumb/v7-m/nofp\libc_nano.a(libc_a-mlock.o)
 .ARM.attributes
                0x00000811       0x2d C:/ST/STM32CubeIDE_1.18.1/STM32CubeIDE/plugins/com.st.stm32cube.ide.mcu.externaltools.gnu-tools-for-stm32.13.3.rel1.win32_1.0.0.202411081344/tools/bin/../lib/gcc/arm-none-eabi/13.3.1/../../../../arm-none-eabi/lib/thumb/v7-m/nofp\libc_nano.a(libc_a-nano-svfprintf.o)
 .ARM.attributes
                0x0000083e       0x2d C:/ST/STM32CubeIDE_1.18.1/STM32CubeIDE/plugins/com.st.stm32cube.ide.mcu.externaltools.gnu-tools-for-stm32.13.3.rel1.win32_1.0.0.202411081344/tools/bin/../lib/gcc/arm-none-eabi/13.3.1/../../../../arm-none-eabi/lib/thumb/v7-m/nofp\libc_nano.a(libc_a-nano-vfprintf_i.o)
 .ARM.attributes
                0x0000086b       0x2d C:/ST/STM32CubeIDE_1.18.1/STM32CubeIDE/plugins/com.st.stm32cube.ide.mcu.externaltools.gnu-tools-for-stm32.13.3.rel1.win32_1.0.0.202411081344/tools/bin/../lib/gcc/arm-none-eabi/13.3.1/../../../../arm-none-eabi/lib/thumb/v7-m/nofp\libc_nano.a(libc_a-memmove.o)
 .ARM.attributes
                0x00000898       0x2d C:/ST/STM32CubeIDE_1.18.1/STM32CubeIDE/plugins/com.st.stm32cube.ide.mcu.externaltools.gnu-tools-for-stm32.13.3.rel1.win32_1.0.0.202411081344/tools/bin/../lib/gcc/arm-none-eabi/13.3.1/../../../../arm-none-eabi/lib/thumb/v7-m/nofp\libc_nano.a(libc_a-sbrkr.o)
 .ARM.attributes
                0x000008c5       0x2d C:/ST/STM32CubeIDE_1.18.1/STM32CubeIDE/plugins/com.st.stm32cube.ide.mcu.externaltools.gnu-tools-for-stm32.13.3.rel1.win32_1.0.0.202411081344/tools/bin/../lib/gcc/arm-none-eabi/13.3.1/../../../../arm-none-eabi/lib/thumb/v7-m/nofp\libc_nano.a(libc_a-memchr-stub.o)
 .ARM.attributes
                0x000008f2       0x2d C:/ST/STM32CubeIDE_1.18.1/STM32CubeIDE/plugins/com.st.stm32cube.ide.mcu.externaltools.gnu-tools-for-stm32.13.3.rel1.win32_1.0.0.202411081344/tools/bin/../lib/gcc/arm-none-eabi/13.3.1/../../../../arm-none-eabi/lib/thumb/v7-m/nofp\libc_nano.a(libc_a-reallocr.o)
 .ARM.attributes
                0x0000091f       0x2d C:/ST/STM32CubeIDE_1.18.1/STM32CubeIDE/plugins/com.st.stm32cube.ide.mcu.externaltools.gnu-tools-for-stm32.13.3.rel1.win32_1.0.0.202411081344/tools/bin/../lib/gcc/arm-none-eabi/13.3.1/../../../../arm-none-eabi/lib/thumb/v7-m/nofp\libc_nano.a(libc_a-msizer.o)
 .ARM.attributes
                0x0000094c       0x1d C:/ST/STM32CubeIDE_1.18.1/STM32CubeIDE/plugins/com.st.stm32cube.ide.mcu.externaltools.gnu-tools-for-stm32.13.3.rel1.win32_1.0.0.202411081344/tools/bin/../lib/gcc/arm-none-eabi/13.3.1/thumb/v7-m/nofp/crtn.o
OUTPUT(Blink2025.elf elf32-littlearm)
LOAD linker stubs
LOAD C:/ST/STM32CubeIDE_1.18.1/STM32CubeIDE/plugins/com.st.stm32cube.ide.mcu.externaltools.gnu-tools-for-stm32.13.3.rel1.win32_1.0.0.202411081344/tools/bin/../lib/gcc/arm-none-eabi/13.3.1/../../../../arm-none-eabi/lib/thumb/v7-m/nofp\libc.a