../Core/Src/main.c:83:6:HAL_TIM_PeriodElapsedCallback	16	static
../Core/Src/main.c:90:6:HAL_UART_RxCpltCallback	16	static
../Core/Src/main.c:100:6:DoCHPD	16	static
../Core/Src/main.c:104:5:WriteUSARTByte	16	static
../Core/Src/main.c:108:6:WriteToBuf	16	static
../Core/Src/main.c:125:5:main	128	static
../Core/Src/main.c:250:6:SystemClock_Config	72	static
../Core/Src/main.c:290:13:MX_TIM1_Init	32	static
../Core/Src/main.c:336:13:MX_USART1_UART_Init	8	static
../Core/Src/main.c:369:13:MX_USART2_UART_Init	8	static
../Core/Src/main.c:402:13:MX_GPIO_Init	40	static
../Core/Src/main.c:447:6:Error_Handler	4	static,ignoring_inline_asm
