../Core/Src/main.c:100:6:USBRxData	16	static
../Core/Src/main.c:113:6:HAL_TIM_PeriodElapsedCallback	16	static
../Core/Src/main.c:124:6:HAL_UART_RxCpltCallback	16	static
../Core/Src/main.c:131:13:esp01_chpd	16	static
../Core/Src/main.c:137:12:uart_send_byte	16	static
../Core/Src/main.c:141:6:onESP01StateChange	112	static
../Core/Src/main.c:176:6:ESP01_USB_DbgStr	24	static
../Core/Src/main.c:194:5:main	272	static
../Core/Src/main.c:359:6:SystemClock_Config	88	static
../Core/Src/main.c:407:13:MX_ADC1_Init	24	static
../Core/Src/main.c:517:13:MX_TIM1_Init	32	static
../Core/Src/main.c:563:13:MX_TIM2_Init	32	static
../Core/Src/main.c:608:13:MX_USART1_UART_Init	8	static
../Core/Src/main.c:641:13:MX_USART2_UART_Init	8	static
../Core/Src/main.c:672:13:MX_DMA_Init	16	static
../Core/Src/main.c:690:13:MX_GPIO_Init	40	static
../Core/Src/main.c:736:6:Error_Handler	4	static,ignoring_inline_asm
