../Core/Src/main.c:96:6:USBRxData	16	static
../Core/Src/main.c:109:6:HAL_TIM_PeriodElapsedCallback	16	static
../Core/Src/main.c:117:6:HAL_UART_RxCpltCallback	16	static
../Core/Src/main.c:126:6:DoCHPD	16	static
../Core/Src/main.c:130:5:WriteUSARTByte	16	static
../Core/Src/main.c:134:6:WriteToBuf	16	static
../Core/Src/main.c:145:6:HAL_ADC_ConvCpltCallback	16	static
../Core/Src/main.c:158:5:main	424	static
../Core/Src/main.c:326:6:SystemClock_Config	88	static
../Core/Src/main.c:374:13:MX_ADC1_Init	24	static
../Core/Src/main.c:484:13:MX_TIM1_Init	32	static
../Core/Src/main.c:530:13:MX_USART1_UART_Init	8	static
../Core/Src/main.c:563:13:MX_USART2_UART_Init	8	static
../Core/Src/main.c:594:13:MX_DMA_Init	16	static
../Core/Src/main.c:612:13:MX_GPIO_Init	40	static
../Core/Src/main.c:658:6:Error_Handler	4	static,ignoring_inline_asm
