../Core/Src/main.c:70:6:HAL_TIM_PeriodElapsedCallback	16	static
../Core/Src/main.c:77:6:HAL_UART_RxCpltCallback	16	static
../Core/Src/main.c:85:6:DoCHPD	16	static
../Core/Src/main.c:89:5:WriteUSARTByte	16	static
../Core/Src/main.c:93:6:WriteToBuf	16	static
../Core/Src/main.c:110:5:main	16	static
../Core/Src/main.c:204:6:SystemClock_Config	72	static
../Core/Src/main.c:244:13:MX_TIM1_Init	32	static
../Core/Src/main.c:290:13:MX_USART1_UART_Init	8	static
../Core/Src/main.c:323:13:MX_GPIO_Init	40	static
../Core/Src/main.c:368:6:Error_Handler	4	static,ignoring_inline_asm
