../Core/Src/main.c:94:6:USBRxData	16	static
../Core/Src/main.c:107:6:HAL_TIM_PeriodElapsedCallback	16	static
../Core/Src/main.c:115:6:HAL_UART_RxCpltCallback	16	static
../Core/Src/main.c:124:6:DoCHPD	16	static
../Core/Src/main.c:128:5:WriteUSARTByte	16	static
../Core/Src/main.c:132:6:WriteToBuf	16	static
../Core/Src/main.c:143:6:HAL_ADC_ConvCpltCallback	16	static
../Core/Src/main.c:156:5:main	392	static
../Core/Src/main.c:325:6:SystemClock_Config	88	static
../Core/Src/main.c:373:13:MX_ADC1_Init	24	static
../Core/Src/main.c:483:13:MX_TIM1_Init	32	static
../Core/Src/main.c:529:13:MX_USART1_UART_Init	8	static
../Core/Src/main.c:562:13:MX_USART2_UART_Init	8	static
../Core/Src/main.c:593:13:MX_DMA_Init	16	static
../Core/Src/main.c:611:13:MX_GPIO_Init	40	static
../Core/Src/main.c:657:6:Error_Handler	4	static,ignoring_inline_asm
