../Core/Src/main.c:83:6:USBRxData	2
../Core/Src/main.c:96:6:HAL_TIM_PeriodElapsedCallback	2
../Core/Src/main.c:103:6:HAL_UART_RxCpltCallback	2
../Core/Src/main.c:113:6:DoCHPD	1
../Core/Src/main.c:117:5:WriteUSARTByte	1
../Core/Src/main.c:121:6:WriteToBuf	1
../Core/Src/main.c:138:5:main	15
../Core/Src/main.c:285:6:SystemClock_Config	4
../Core/Src/main.c:332:13:MX_TIM1_Init	4
../Core/Src/main.c:378:13:MX_USART1_UART_Init	2
../Core/Src/main.c:411:13:MX_USART2_UART_Init	2
../Core/Src/main.c:444:13:MX_GPIO_Init	1
../Core/Src/main.c:489:6:Error_Handler	1
