../Core/Src/main.c:156:6:HAL_I2C_MasterTxCpltCallback	16	static
../Core/Src/main.c:162:5:mpu_writeReg	48	static
../Core/Src/main.c:173:5:mpu_readReg	48	static
../Core/Src/main.c:184:5:mpu_readRegDMA	40	static
../Core/Src/main.c:195:6:mpu_delayMs	16	static
../Core/Src/main.c:199:6:mpu_errorCb	16	static
../Core/Src/main.c:203:6:HAL_I2C_MemRxCpltCallback	16	static
../Core/Src/main.c:208:6:USB_BufferPush	16	static
../Core/Src/main.c:213:6:USBRxData	16	static
../Core/Src/main.c:226:6:HAL_TIM_PeriodElapsedCallback	16	static
../Core/Src/main.c:237:6:HAL_UART_RxCpltCallback	16	static
../Core/Src/main.c:245:13:esp01_chpd	16	static
../Core/Src/main.c:251:12:uart_send_byte	16	static
../Core/Src/main.c:255:6:onESP01StateChange	24	static
../Core/Src/main.c:287:6:ESP01_USB_DbgStr	16	static
../Core/Src/main.c:294:6:USB_DebugSend	24	static
../Core/Src/main.c:309:6:USB_DebugStr	16	static
../Core/Src/main.c:314:6:USB_DebugHex	24	static
../Core/Src/main.c:320:6:USB_DebugUInt	40	static
../Core/Src/main.c:338:6:USB_Debug	32	static
../Core/Src/main.c:397:5:main	288	static
../Core/Src/main.c:622:6:SystemClock_Config	88	static
../Core/Src/main.c:670:13:MX_ADC1_Init	24	static
../Core/Src/main.c:780:13:MX_I2C1_Init	8	static
../Core/Src/main.c:814:13:MX_TIM1_Init	32	static
../Core/Src/main.c:860:13:MX_TIM2_Init	32	static
../Core/Src/main.c:905:13:MX_USART1_UART_Init	8	static
../Core/Src/main.c:938:13:MX_USART2_UART_Init	8	static
../Core/Src/main.c:969:13:MX_DMA_Init	16	static
../Core/Src/main.c:993:13:MX_GPIO_Init	40	static
../Core/Src/main.c:1039:6:Error_Handler	4	static,ignoring_inline_asm
