../Core/Src/main.c:94:6:USBRxData	16	static
../Core/Src/main.c:107:6:HAL_TIM_PeriodElapsedCallback	16	static
../Core/Src/main.c:115:6:HAL_UART_RxCpltCallback	16	static
../Core/Src/main.c:125:6:DoCHPD	16	static
../Core/Src/main.c:129:5:WriteUSARTByte	16	static
../Core/Src/main.c:133:6:WriteToBuf	16	static
../Core/Src/main.c:150:5:main	432	static
../Core/Src/main.c:324:6:SystemClock_Config	88	static
../Core/Src/main.c:372:13:MX_ADC1_Init	24	static
../Core/Src/main.c:481:13:MX_TIM1_Init	32	static
../Core/Src/main.c:527:13:MX_USART1_UART_Init	8	static
../Core/Src/main.c:560:13:MX_USART2_UART_Init	8	static
../Core/Src/main.c:591:13:MX_DMA_Init	16	static
../Core/Src/main.c:609:13:MX_GPIO_Init	40	static
../Core/Src/main.c:655:6:Error_Handler	4	static,ignoring_inline_asm
