../Core/Src/main.c:93:6:USBRxData	16	static
../Core/Src/main.c:106:6:HAL_TIM_PeriodElapsedCallback	16	static
../Core/Src/main.c:117:6:HAL_UART_RxCpltCallback	16	static
../Core/Src/main.c:125:6:DoCHPD	16	static
../Core/Src/main.c:129:5:WriteUSARTByte	16	static
../Core/Src/main.c:133:6:WriteToBuf	16	static
../Core/Src/main.c:144:6:ESP01_USB_DbgStr	24	static
../Core/Src/main.c:164:5:main	328	static
../Core/Src/main.c:320:6:SystemClock_Config	88	static
../Core/Src/main.c:368:13:MX_ADC1_Init	24	static
../Core/Src/main.c:478:13:MX_TIM1_Init	32	static
../Core/Src/main.c:524:13:MX_TIM2_Init	32	static
../Core/Src/main.c:569:13:MX_USART1_UART_Init	8	static
../Core/Src/main.c:602:13:MX_USART2_UART_Init	8	static
../Core/Src/main.c:633:13:MX_DMA_Init	16	static
../Core/Src/main.c:651:13:MX_GPIO_Init	40	static
../Core/Src/main.c:697:6:Error_Handler	4	static,ignoring_inline_asm
