../Core/Src/main.c:111:6:USB_BufferPush	16	static
../Core/Src/main.c:116:6:USBRxData	16	static
../Core/Src/main.c:129:6:HAL_TIM_PeriodElapsedCallback	16	static
../Core/Src/main.c:140:6:HAL_UART_RxCpltCallback	16	static
../Core/Src/main.c:148:13:esp01_chpd	16	static
../Core/Src/main.c:154:12:uart_send_byte	16	static
../Core/Src/main.c:158:6:onESP01StateChange	88	static
../Core/Src/main.c:193:6:ESP01_USB_DbgStr	16	static
../Core/Src/main.c:212:5:main	272	static
../Core/Src/main.c:394:6:SystemClock_Config	88	static
../Core/Src/main.c:442:13:MX_ADC1_Init	24	static
../Core/Src/main.c:552:13:MX_TIM1_Init	32	static
../Core/Src/main.c:598:13:MX_TIM2_Init	32	static
../Core/Src/main.c:643:13:MX_USART1_UART_Init	8	static
../Core/Src/main.c:676:13:MX_USART2_UART_Init	8	static
../Core/Src/main.c:707:13:MX_DMA_Init	16	static
../Core/Src/main.c:725:13:MX_GPIO_Init	40	static
../Core/Src/main.c:771:6:Error_Handler	4	static,ignoring_inline_asm
