../Core/Src/main.c:51:5:__io_putchar	16	static
../Core/Src/main.c:78:6:HAL_TIM_PeriodElapsedCallback	16	static
../Core/Src/main.c:85:6:HAL_UART_RxCpltCallback	16	static
../Core/Src/main.c:95:6:DoCHPD	16	static
../Core/Src/main.c:99:5:WriteUSARTByte	16	static
../Core/Src/main.c:103:6:WriteToBuf	16	static
../Core/Src/main.c:120:5:main	16	static
../Core/Src/main.c:216:6:SystemClock_Config	72	static
../Core/Src/main.c:256:13:MX_TIM1_Init	32	static
../Core/Src/main.c:302:13:MX_USART1_UART_Init	8	static
../Core/Src/main.c:335:13:MX_USART2_UART_Init	8	static
../Core/Src/main.c:368:13:MX_GPIO_Init	40	static
../Core/Src/main.c:413:6:Error_Handler	4	static,ignoring_inline_asm
