../Core/Src/main.c:104:6:USBRxData	16	static
../Core/Src/main.c:117:6:HAL_TIM_PeriodElapsedCallback	16	static
../Core/Src/main.c:128:6:HAL_UART_RxCpltCallback	16	static
../Core/Src/main.c:136:13:esp01_chpd	16	static
../Core/Src/main.c:142:12:uart_send_byte	16	static
../Core/Src/main.c:146:6:onESP01StateChange	88	static
../Core/Src/main.c:181:6:ESP01_USB_DbgStr	16	static
../Core/Src/main.c:200:5:main	280	static
../Core/Src/main.c:378:6:SystemClock_Config	88	static
../Core/Src/main.c:426:13:MX_ADC1_Init	24	static
../Core/Src/main.c:536:13:MX_TIM1_Init	32	static
../Core/Src/main.c:582:13:MX_TIM2_Init	32	static
../Core/Src/main.c:627:13:MX_USART1_UART_Init	8	static
../Core/Src/main.c:660:13:MX_USART2_UART_Init	8	static
../Core/Src/main.c:691:13:MX_DMA_Init	16	static
../Core/Src/main.c:709:13:MX_GPIO_Init	40	static
../Core/Src/main.c:755:6:Error_Handler	4	static,ignoring_inline_asm
