../Core/Src/main.c:178:6:my_ssd1306_init	16	static
../Core/Src/main.c:183:5:my_ssd1306_write_cmd	32	static
../Core/Src/main.c:195:5:my_ssd1306_write_data	168	static
../Core/Src/main.c:219:5:my_ssd1306_write_data_async	32	static
../Core/Src/main.c:248:9:my_ssd1306_is_busy	16	static
../Core/Src/main.c:252:6:my_ssd1306_errorCb	16	static
../Core/Src/main.c:259:6:my_ssd1306_delay_ms	16	static
../Core/Src/main.c:263:6:HAL_I2C_MasterTxCpltCallback	16	static
../Core/Src/main.c:269:5:mpu_writeReg	48	static
../Core/Src/main.c:280:5:mpu_readReg	48	static
../Core/Src/main.c:291:5:mpu_readRegDMA	40	static
../Core/Src/main.c:302:6:mpu_delayMs	16	static
../Core/Src/main.c:306:6:mpu_errorCb	16	static
../Core/Src/main.c:310:6:HAL_I2C_MemRxCpltCallback	16	static
../Core/Src/main.c:315:6:USB_BufferPush	16	static
../Core/Src/main.c:320:6:USBRxData	16	static
../Core/Src/main.c:333:6:HAL_TIM_PeriodElapsedCallback	16	static
../Core/Src/main.c:344:6:HAL_UART_RxCpltCallback	16	static
../Core/Src/main.c:352:13:esp01_chpd	16	static
../Core/Src/main.c:358:12:uart_send_byte	16	static
../Core/Src/main.c:362:6:onESP01StateChange	24	static
../Core/Src/main.c:394:6:ESP01_USB_DbgStr	16	static
../Core/Src/main.c:401:6:USB_DebugSend	24	static
../Core/Src/main.c:416:6:USB_DebugStr	16	static
../Core/Src/main.c:421:6:USB_DebugHex	24	static
../Core/Src/main.c:427:6:USB_DebugUInt	40	static
../Core/Src/main.c:445:6:USB_Debug	32	static
../Core/Src/main.c:504:5:main	296	static
../Core/Src/main.c:776:6:SystemClock_Config	88	static
../Core/Src/main.c:824:13:MX_ADC1_Init	24	static
../Core/Src/main.c:934:13:MX_I2C1_Init	8	static
../Core/Src/main.c:968:13:MX_TIM1_Init	32	static
../Core/Src/main.c:1014:13:MX_TIM2_Init	32	static
../Core/Src/main.c:1059:13:MX_USART1_UART_Init	8	static
../Core/Src/main.c:1092:13:MX_USART2_UART_Init	8	static
../Core/Src/main.c:1123:13:MX_DMA_Init	16	static
../Core/Src/main.c:1147:13:MX_GPIO_Init	40	static
../Core/Src/main.c:1193:6:Error_Handler	4	static,ignoring_inline_asm
