../Core/Src/main.c:83:6:USBRxData	16	static
../Core/Src/main.c:96:6:HAL_TIM_PeriodElapsedCallback	16	static
../Core/Src/main.c:103:6:HAL_UART_RxCpltCallback	16	static
../Core/Src/main.c:113:6:DoCHPD	16	static
../Core/Src/main.c:117:5:WriteUSARTByte	16	static
../Core/Src/main.c:121:6:WriteToBuf	16	static
../Core/Src/main.c:138:5:main	384	static
../Core/Src/main.c:278:6:SystemClock_Config	88	static
../Core/Src/main.c:325:13:MX_TIM1_Init	32	static
../Core/Src/main.c:371:13:MX_USART1_UART_Init	8	static
../Core/Src/main.c:404:13:MX_USART2_UART_Init	8	static
../Core/Src/main.c:437:13:MX_GPIO_Init	40	static
../Core/Src/main.c:482:6:Error_Handler	4	static,ignoring_inline_asm
