../Core/Src/main.c:93:6:USBRxData	16	static
../Core/Src/main.c:106:6:HAL_TIM_PeriodElapsedCallback	16	static
../Core/Src/main.c:113:6:HAL_UART_RxCpltCallback	16	static
../Core/Src/main.c:122:6:DoCHPD	16	static
../Core/Src/main.c:126:5:WriteUSARTByte	16	static
../Core/Src/main.c:130:6:WriteToBuf	16	static
../Core/Src/main.c:155:5:main	328	static
../Core/Src/main.c:311:6:SystemClock_Config	88	static
../Core/Src/main.c:359:13:MX_ADC1_Init	24	static
../Core/Src/main.c:469:13:MX_TIM1_Init	32	static
../Core/Src/main.c:515:13:MX_USART1_UART_Init	8	static
../Core/Src/main.c:548:13:MX_USART2_UART_Init	8	static
../Core/Src/main.c:579:13:MX_DMA_Init	16	static
../Core/Src/main.c:597:13:MX_GPIO_Init	40	static
../Core/Src/main.c:643:6:Error_Handler	4	static,ignoring_inline_asm
