../Core/Src/main.c:159:6:HAL_I2C_MasterTxCpltCallback	16	static
../Core/Src/main.c:165:5:mpu_writeReg	48	static
../Core/Src/main.c:176:5:mpu_readReg	48	static
../Core/Src/main.c:187:5:mpu_readRegDMA	40	static
../Core/Src/main.c:198:6:mpu_delayMs	16	static
../Core/Src/main.c:202:6:mpu_errorCb	16	static
../Core/Src/main.c:206:6:HAL_I2C_MemRxCpltCallback	16	static
../Core/Src/main.c:211:6:USB_BufferPush	16	static
../Core/Src/main.c:216:6:USBRxData	16	static
../Core/Src/main.c:229:6:HAL_TIM_PeriodElapsedCallback	16	static
../Core/Src/main.c:240:6:HAL_UART_RxCpltCallback	16	static
../Core/Src/main.c:248:13:esp01_chpd	16	static
../Core/Src/main.c:254:12:uart_send_byte	16	static
../Core/Src/main.c:258:6:onESP01StateChange	24	static
../Core/Src/main.c:291:6:ESP01_USB_DbgStr	16	static
../Core/Src/main.c:298:6:USB_DebugSend	24	static
../Core/Src/main.c:313:6:USB_DebugStr	16	static
../Core/Src/main.c:318:6:USB_DebugHex	24	static
../Core/Src/main.c:324:6:USB_DebugUInt	40	static
../Core/Src/main.c:342:6:USB_Debug	32	static
../Core/Src/main.c:401:5:main	288	static
../Core/Src/main.c:626:6:SystemClock_Config	88	static
../Core/Src/main.c:674:13:MX_ADC1_Init	24	static
../Core/Src/main.c:784:13:MX_I2C1_Init	8	static
../Core/Src/main.c:818:13:MX_TIM1_Init	32	static
../Core/Src/main.c:864:13:MX_TIM2_Init	32	static
../Core/Src/main.c:909:13:MX_USART1_UART_Init	8	static
../Core/Src/main.c:942:13:MX_USART2_UART_Init	8	static
../Core/Src/main.c:973:13:MX_DMA_Init	16	static
../Core/Src/main.c:997:13:MX_GPIO_Init	40	static
../Core/Src/main.c:1043:6:Error_Handler	4	static,ignoring_inline_asm
