../Core/Src/main.c:111:6:USB_BufferPush	1
../Core/Src/main.c:116:6:USBRxData	2
../Core/Src/main.c:129:6:HAL_TIM_PeriodElapsedCallback	3
../Core/Src/main.c:140:6:HAL_UART_RxCpltCallback	2
../Core/Src/main.c:148:13:esp01_chpd	1
../Core/Src/main.c:154:12:uart_send_byte	1
../Core/Src/main.c:158:6:onESP01StateChange	7
../Core/Src/main.c:193:6:ESP01_USB_DbgStr	2
../Core/Src/main.c:212:5:main	15
../Core/Src/main.c:394:6:SystemClock_Config	4
../Core/Src/main.c:442:13:MX_ADC1_Init	10
../Core/Src/main.c:552:13:MX_TIM1_Init	4
../Core/Src/main.c:598:13:MX_TIM2_Init	4
../Core/Src/main.c:643:13:MX_USART1_UART_Init	2
../Core/Src/main.c:676:13:MX_USART2_UART_Init	2
../Core/Src/main.c:707:13:MX_DMA_Init	1
../Core/Src/main.c:725:13:MX_GPIO_Init	1
../Core/Src/main.c:771:6:Error_Handler	1
