../Core/Src/UNER.c:130:6:ESP01_SetWIFI	16	static
../Core/Src/UNER.c:147:15:ESP01_StartUDP	16	static
../Core/Src/UNER.c:173:15:ESP01_StartTCP	16	static
../Core/Src/UNER.c:200:6:ESP01_CloseUDPTCP	4	static
../Core/Src/UNER.c:207:15:ESP01_StateWIFI	4	static
../Core/Src/UNER.c:217:7:ESP01_GetLocalIP	4	static
../Core/Src/UNER.c:225:15:ESP01_StateUDPTCP	4	static
../Core/Src/UNER.c:236:6:ESP01_WriteRX	16	static
../Core/Src/UNER.c:244:15:ESP01_Send	40	static
../Core/Src/UNER.c:292:6:ESP01_Init	16	static
../Core/Src/UNER.c:308:6:ESP01_Timeout10ms	4	static
../Core/Src/UNER.c:322:6:ESP01_Task	8	static
../Core/Src/UNER.c:333:6:ESP01_AttachChangeState	16	static
../Core/Src/UNER.c:337:6:ESP01_AttachDebugStr	16	static
../Core/Src/UNER.c:341:5:ESP01_IsHDRRST	4	static
../Core/Src/UNER.c:351:13:ESP01ATDecode	16	static
../Core/Src/UNER.c:588:13:ESP01DOConnection	8	static
../Core/Src/UNER.c:750:13:ESP01SENDData	16	static
../Core/Src/UNER.c:783:13:ESP01StrToBufTX	24	static
../Core/Src/UNER.c:791:13:ESP01ByteToBufTX	16	static
