../Core/Src/UNER.c:132:6:ESP01_SetWIFI	16	static
../Core/Src/UNER.c:149:15:ESP01_StartUDP	16	static
../Core/Src/UNER.c:175:15:ESP01_StartTCP	16	static
../Core/Src/UNER.c:202:6:ESP01_CloseUDPTCP	4	static
../Core/Src/UNER.c:209:15:ESP01_StateWIFI	4	static
../Core/Src/UNER.c:219:7:ESP01_GetLocalIP	4	static
../Core/Src/UNER.c:227:15:ESP01_StateUDPTCP	4	static
../Core/Src/UNER.c:238:6:ESP01_WriteRX	16	static
../Core/Src/UNER.c:246:15:ESP01_Send	40	static
../Core/Src/UNER.c:294:6:ESP01_Init	16	static
../Core/Src/UNER.c:310:6:ESP01_Timeout10ms	4	static
../Core/Src/UNER.c:324:6:ESP01_Task	8	static
../Core/Src/UNER.c:335:6:ESP01_AttachChangeState	16	static
../Core/Src/UNER.c:339:6:ESP01_AttachDebugStr	16	static
../Core/Src/UNER.c:343:5:ESP01_IsHDRRST	4	static
../Core/Src/UNER.c:353:13:ESP01ATDecode	16	static
../Core/Src/UNER.c:604:13:ESP01DOConnection	8	static
../Core/Src/UNER.c:766:13:ESP01SENDData	16	static
../Core/Src/UNER.c:799:13:ESP01StrToBufTX	24	static
../Core/Src/UNER.c:807:13:ESP01ByteToBufTX	16	static
../Core/Src/UNER.c:813:6:UNER_Init	16	static
../Core/Src/UNER.c:825:6:UNER_PushByte	16	static
../Core/Src/UNER.c:830:6:UNER_Task	16	static
../Core/Src/UNER.c:902:6:UNER_Send	32	static
../Core/Src/UNER.c:930:6:decodeCommand	56	static
