../Core/Src/UNER.c:133:6:ESP01_SetWIFI	16	static
../Core/Src/UNER.c:150:15:ESP01_StartUDP	16	static
../Core/Src/UNER.c:176:15:ESP01_StartTCP	16	static
../Core/Src/UNER.c:203:6:ESP01_CloseUDPTCP	4	static
../Core/Src/UNER.c:210:15:ESP01_StateWIFI	4	static
../Core/Src/UNER.c:220:7:ESP01_GetLocalIP	4	static
../Core/Src/UNER.c:228:15:ESP01_StateUDPTCP	4	static
../Core/Src/UNER.c:239:6:ESP01_WriteRX	16	static
../Core/Src/UNER.c:247:15:ESP01_Send	40	static
../Core/Src/UNER.c:295:6:ESP01_Init	16	static
../Core/Src/UNER.c:311:6:ESP01_Timeout10ms	4	static
../Core/Src/UNER.c:325:6:ESP01_Task	8	static
../Core/Src/UNER.c:336:6:ESP01_AttachChangeState	16	static
../Core/Src/UNER.c:340:6:ESP01_AttachDebugStr	16	static
../Core/Src/UNER.c:344:5:ESP01_IsHDRRST	4	static
../Core/Src/UNER.c:354:13:ESP01ATDecode	16	static
../Core/Src/UNER.c:605:13:ESP01DOConnection	8	static
../Core/Src/UNER.c:767:13:ESP01SENDData	16	static
../Core/Src/UNER.c:800:13:ESP01StrToBufTX	24	static
../Core/Src/UNER.c:808:13:ESP01ByteToBufTX	16	static
../Core/Src/UNER.c:814:6:UNER_Init	16	static
../Core/Src/UNER.c:826:6:UNER_PushByte	16	static
../Core/Src/UNER.c:831:6:UNER_Task	16	static
../Core/Src/UNER.c:903:6:UNER_Send	32	static
../Core/Src/UNER.c:931:9:putHeaderOnTx	16	static
../Core/Src/UNER.c:953:9:putByteOnTx	16	static
../Core/Src/UNER.c:961:9:putStrOntx	16	static
../Core/Src/UNER.c:972:6:decodeCommand	16	static
