../Core/Src/UNER.c:135:6:ESP01_SetWIFI	16	static
../Core/Src/UNER.c:152:15:ESP01_StartUDP	16	static
../Core/Src/UNER.c:178:15:ESP01_StartTCP	16	static
../Core/Src/UNER.c:205:6:ESP01_CloseUDPTCP	4	static
../Core/Src/UNER.c:212:15:ESP01_StateWIFI	4	static
../Core/Src/UNER.c:222:7:ESP01_GetLocalIP	4	static
../Core/Src/UNER.c:230:15:ESP01_StateUDPTCP	4	static
../Core/Src/UNER.c:241:6:ESP01_WriteRX	16	static
../Core/Src/UNER.c:249:15:ESP01_Send	40	static
../Core/Src/UNER.c:297:6:ESP01_Init	16	static
../Core/Src/UNER.c:313:6:ESP01_Timeout10ms	4	static
../Core/Src/UNER.c:327:6:ESP01_Task	8	static
../Core/Src/UNER.c:338:6:ESP01_AttachChangeState	16	static
../Core/Src/UNER.c:342:6:ESP01_AttachDebugStr	16	static
../Core/Src/UNER.c:346:5:ESP01_IsHDRRST	4	static
../Core/Src/UNER.c:356:13:ESP01ATDecode	16	static
../Core/Src/UNER.c:607:13:ESP01DOConnection	8	static
../Core/Src/UNER.c:781:13:ESP01SENDData	16	static
../Core/Src/UNER.c:814:13:ESP01StrToBufTX	24	static
../Core/Src/UNER.c:822:13:ESP01ByteToBufTX	16	static
../Core/Src/UNER.c:828:6:UNER_Init	16	static
../Core/Src/UNER.c:840:6:UNER_PushByte	16	static
../Core/Src/UNER.c:845:6:UNER_Task	16	static
../Core/Src/UNER.c:917:6:UNER_Send	32	static
../Core/Src/UNER.c:945:9:putHeaderOnTx	16	static
../Core/Src/UNER.c:967:9:putByteOnTx	16	static
../Core/Src/UNER.c:975:9:putStrOntx	16	static
../Core/Src/UNER.c:986:6:decodeCommand	16	static
../Core/Src/UNER.c:1007:15:ESP01_StartTCPServer	16	static
